Apr 02 16:02:19 lumina-os kernel: Linux version 6.19.10-arch1-1 (linux@archlinux) (gcc (GCC) 15.2.1 20260209, GNU ld (GNU Binutils) 2.46) #1 SMP PREEMPT_DYNAMIC Thu, 26 Mar 2026 19:20:28 +0000
Apr 02 16:02:19 lumina-os kernel: Command line: BOOT_IMAGE=/arch/boot/x86_64/vmlinuz-linux archisobasedir=arch archisosearchuuid=2026-04-02-16-02-15-00
Apr 02 16:02:19 lumina-os kernel: BIOS-provided physical RAM map:
Apr 02 16:02:19 lumina-os kernel: BIOS-e820: [mem 0x0000000000000000-0x000000000009ffff] usable
Apr 02 16:02:19 lumina-os kernel: BIOS-e820: [mem 0x0000000000100000-0x00000000de1b6fff] usable
Apr 02 16:02:19 lumina-os kernel: BIOS-e820: [mem 0x00000000de1b7000-0x00000000de1fffff] reserved
Apr 02 16:02:19 lumina-os kernel: BIOS-e820: [mem 0x00000000de200000-0x00000000deceefff] usable
Apr 02 16:02:19 lumina-os kernel: BIOS-e820: [mem 0x00000000decef000-0x00000000def6efff] reserved
Apr 02 16:02:19 lumina-os kernel: BIOS-e820: [mem 0x00000000def6f000-0x00000000def7efff] ACPI data
Apr 02 16:02:19 lumina-os kernel: BIOS-e820: [mem 0x00000000def7f000-0x00000000deffefff] ACPI NVS
Apr 02 16:02:19 lumina-os kernel: BIOS-e820: [mem 0x00000000defff000-0x00000000df36afff] usable
Apr 02 16:02:19 lumina-os kernel: BIOS-e820: [mem 0x00000000df36b000-0x00000000dffeffff] reserved
Apr 02 16:02:19 lumina-os kernel: BIOS-e820: [mem 0x00000000ffc00000-0x00000000ffffffff] reserved
Apr 02 16:02:19 lumina-os kernel: BIOS-e820: [mem 0x0000000100000000-0x000000011fffffff] usable
Apr 02 16:02:19 lumina-os kernel: NX (Execute Disable) protection: active
Apr 02 16:02:19 lumina-os kernel: APIC: Static calls initialized
Apr 02 16:02:19 lumina-os kernel: efi: EFI v2.7 by EDK II
Apr 02 16:02:19 lumina-os kernel: efi: ACPI=0xdef7e000 ACPI 2.0=0xdef7e014 SMBIOS=0xdeffd000 INITRD=0xdda38e98 
Apr 02 16:02:19 lumina-os kernel: efi: Remove mem122: MMIO range=[0xffc00000-0xffffffff] (4MB) from e820 map
Apr 02 16:02:19 lumina-os kernel: e820: remove [mem 0xffc00000-0xffffffff] reserved
Apr 02 16:02:19 lumina-os kernel: SMBIOS 2.5 present.
Apr 02 16:02:19 lumina-os kernel: DMI: innotek GmbH VirtualBox/VirtualBox, BIOS VirtualBox 12/01/2006
Apr 02 16:02:19 lumina-os kernel: DMI: Memory slots populated: 0/0
Apr 02 16:02:19 lumina-os kernel: Hypervisor detected: KVM
Apr 02 16:02:19 lumina-os kernel: last_pfn = 0xdf36b max_arch_pfn = 0x400000000
Apr 02 16:02:19 lumina-os kernel: kvm-clock: Using msrs 4b564d01 and 4b564d00
Apr 02 16:02:19 lumina-os kernel: kvm-clock: using sched offset of 4744893782 cycles
Apr 02 16:02:19 lumina-os kernel: clocksource: kvm-clock: mask: 0xffffffffffffffff max_cycles: 0x1cd42e4dffb, max_idle_ns: 881590591483 ns
Apr 02 16:02:19 lumina-os kernel: tsc: Detected 2111.998 MHz processor
Apr 02 16:02:19 lumina-os kernel: e820: update [mem 0x00000000-0x00000fff] usable ==> reserved
Apr 02 16:02:19 lumina-os kernel: e820: remove [mem 0x000a0000-0x000fffff] usable
Apr 02 16:02:19 lumina-os kernel: last_pfn = 0x120000 max_arch_pfn = 0x400000000
Apr 02 16:02:19 lumina-os kernel: total RAM covered: 4095M
Apr 02 16:02:19 lumina-os kernel: Found optimal setting for mtrr clean up
Apr 02 16:02:19 lumina-os kernel:  gran_size: 64K         chunk_size: 1G         num_reg: 4          lose cover RAM: 0G
Apr 02 16:02:19 lumina-os kernel: MTRR map: 5 entries (2 fixed + 3 variable; max 18), built from 8 variable MTRRs
Apr 02 16:02:19 lumina-os kernel: x86/PAT: Configuration [0-7]: WB  WC  UC- UC  WB  WP  UC- WT  
Apr 02 16:02:19 lumina-os kernel: e820: update [mem 0xdfff0000-0xffffffff] usable ==> reserved
Apr 02 16:02:19 lumina-os kernel: last_pfn = 0xdf36b max_arch_pfn = 0x400000000
Apr 02 16:02:19 lumina-os kernel: found SMP MP-table at [mem 0x0009fff0-0x0009ffff]
Apr 02 16:02:19 lumina-os kernel: Secure boot disabled
Apr 02 16:02:19 lumina-os kernel: RAMDISK: [mem 0xd5e41000-0xd7fe6fff]
Apr 02 16:02:19 lumina-os kernel: ACPI: Early table checksum verification disabled
Apr 02 16:02:19 lumina-os kernel: ACPI: RSDP 0x00000000DEF7E014 000024 (v02 VBOX  )
Apr 02 16:02:19 lumina-os kernel: ACPI: XSDT 0x00000000DEF7D0E8 000044 (v01 VBOX   VBOXFACP 00000001      01000013)
Apr 02 16:02:19 lumina-os kernel: ACPI: FACP 0x00000000DEF79000 0000F4 (v04 VBOX   VBOXFACP 00000001 ASL  00000061)
Apr 02 16:02:19 lumina-os kernel: ACPI: DSDT 0x00000000DEF7A000 002353 (v02 VBOX   VBOXBIOS 00000002 INTL 20100528)
Apr 02 16:02:19 lumina-os kernel: ACPI: FACS 0x00000000DEFFE000 000040
Apr 02 16:02:19 lumina-os kernel: ACPI: APIC 0x00000000DEF78000 00005C (v02 VBOX   VBOXAPIC 00000001 ASL  00000061)
Apr 02 16:02:19 lumina-os kernel: ACPI: SSDT 0x00000000DEF77000 00036C (v01 VBOX   VBOXCPUT 00000002 INTL 20100528)
Apr 02 16:02:19 lumina-os kernel: ACPI: BGRT 0x00000000DEF76000 000038 (v01 INTEL  EDK2     00000002      01000013)
Apr 02 16:02:19 lumina-os kernel: ACPI: Reserving FACP table memory at [mem 0xdef79000-0xdef790f3]
Apr 02 16:02:19 lumina-os kernel: ACPI: Reserving DSDT table memory at [mem 0xdef7a000-0xdef7c352]
Apr 02 16:02:19 lumina-os kernel: ACPI: Reserving FACS table memory at [mem 0xdeffe000-0xdeffe03f]
Apr 02 16:02:19 lumina-os kernel: ACPI: Reserving APIC table memory at [mem 0xdef78000-0xdef7805b]
Apr 02 16:02:19 lumina-os kernel: ACPI: Reserving SSDT table memory at [mem 0xdef77000-0xdef7736b]
Apr 02 16:02:19 lumina-os kernel: ACPI: Reserving BGRT table memory at [mem 0xdef76000-0xdef76037]
Apr 02 16:02:19 lumina-os kernel: No NUMA configuration found
Apr 02 16:02:19 lumina-os kernel: Faking a node at [mem 0x0000000000000000-0x000000011fffffff]
Apr 02 16:02:19 lumina-os kernel: NODE_DATA(0) allocated [mem 0x11ffd1280-0x11fffbfff]
Apr 02 16:02:19 lumina-os kernel: Zone ranges:
Apr 02 16:02:19 lumina-os kernel:   DMA      [mem 0x0000000000001000-0x0000000000ffffff]
Apr 02 16:02:19 lumina-os kernel:   DMA32    [mem 0x0000000001000000-0x00000000ffffffff]
Apr 02 16:02:19 lumina-os kernel:   Normal   [mem 0x0000000100000000-0x000000011fffffff]
Apr 02 16:02:19 lumina-os kernel:   Device   empty
Apr 02 16:02:19 lumina-os kernel: Movable zone start for each node
Apr 02 16:02:19 lumina-os kernel: Early memory node ranges
Apr 02 16:02:19 lumina-os kernel:   node   0: [mem 0x0000000000001000-0x000000000009ffff]
Apr 02 16:02:19 lumina-os kernel:   node   0: [mem 0x0000000000100000-0x00000000de1b6fff]
Apr 02 16:02:19 lumina-os kernel:   node   0: [mem 0x00000000de200000-0x00000000deceefff]
Apr 02 16:02:19 lumina-os kernel:   node   0: [mem 0x00000000defff000-0x00000000df36afff]
Apr 02 16:02:19 lumina-os kernel:   node   0: [mem 0x0000000100000000-0x000000011fffffff]
Apr 02 16:02:19 lumina-os kernel: Initmem setup node 0 [mem 0x0000000000001000-0x000000011fffffff]
Apr 02 16:02:19 lumina-os kernel: On node 0, zone DMA: 1 pages in unavailable ranges
Apr 02 16:02:19 lumina-os kernel: On node 0, zone DMA: 96 pages in unavailable ranges
Apr 02 16:02:19 lumina-os kernel: On node 0, zone DMA32: 73 pages in unavailable ranges
Apr 02 16:02:19 lumina-os kernel: On node 0, zone DMA32: 784 pages in unavailable ranges
Apr 02 16:02:19 lumina-os kernel: On node 0, zone Normal: 3221 pages in unavailable ranges
Apr 02 16:02:19 lumina-os kernel: ACPI: PM-Timer IO Port: 0xb008
Apr 02 16:02:19 lumina-os kernel: IOAPIC[0]: apic_id 2, version 32, address 0xfec00000, GSI 0-23
Apr 02 16:02:19 lumina-os kernel: ACPI: INT_SRC_OVR (bus 0 bus_irq 0 global_irq 2 dfl dfl)
Apr 02 16:02:19 lumina-os kernel: ACPI: INT_SRC_OVR (bus 0 bus_irq 9 global_irq 9 low level)
Apr 02 16:02:19 lumina-os kernel: ACPI: Using ACPI (MADT) for SMP configuration information
Apr 02 16:02:19 lumina-os kernel: e820: update [mem 0xdda4f000-0xdda69fff] usable ==> reserved
Apr 02 16:02:19 lumina-os kernel: CPU topo: Max. logical packages:   1
Apr 02 16:02:19 lumina-os kernel: CPU topo: Max. logical nodes:      1
Apr 02 16:02:19 lumina-os kernel: CPU topo: Num. nodes per package:  1
Apr 02 16:02:19 lumina-os kernel: CPU topo: Max. logical dies:       1
Apr 02 16:02:19 lumina-os kernel: CPU topo: Max. dies per package:   1
Apr 02 16:02:19 lumina-os kernel: CPU topo: Max. threads per core:   1
Apr 02 16:02:19 lumina-os kernel: CPU topo: Num. cores per package:     2
Apr 02 16:02:19 lumina-os kernel: CPU topo: Num. threads per package:   2
Apr 02 16:02:19 lumina-os kernel: CPU topo: Allowing 2 present CPUs plus 0 hotplug CPUs
Apr 02 16:02:19 lumina-os kernel: PM: hibernation: Registered nosave memory: [mem 0x00000000-0x00000fff]
Apr 02 16:02:19 lumina-os kernel: PM: hibernation: Registered nosave memory: [mem 0x000a0000-0x000fffff]
Apr 02 16:02:19 lumina-os kernel: PM: hibernation: Registered nosave memory: [mem 0xdda4f000-0xdda69fff]
Apr 02 16:02:19 lumina-os kernel: PM: hibernation: Registered nosave memory: [mem 0xde1b7000-0xde1fffff]
Apr 02 16:02:19 lumina-os kernel: PM: hibernation: Registered nosave memory: [mem 0xdecef000-0xdeffefff]
Apr 02 16:02:19 lumina-os kernel: PM: hibernation: Registered nosave memory: [mem 0xdf36b000-0xffffffff]
Apr 02 16:02:19 lumina-os kernel: [mem 0xdfff0000-0xffffffff] available for PCI devices
Apr 02 16:02:19 lumina-os kernel: Booting paravirtualized kernel on KVM
Apr 02 16:02:19 lumina-os kernel: clocksource: refined-jiffies: mask: 0xffffffff max_cycles: 0xffffffff, max_idle_ns: 1910969940391419 ns
Apr 02 16:02:19 lumina-os kernel: setup_percpu: NR_CPUS:8192 nr_cpumask_bits:2 nr_cpu_ids:2 nr_node_ids:1
Apr 02 16:02:19 lumina-os kernel: percpu: Embedded 63 pages/cpu s221184 r8192 d28672 u1048576
Apr 02 16:02:19 lumina-os kernel: pcpu-alloc: s221184 r8192 d28672 u1048576 alloc=1*2097152
Apr 02 16:02:19 lumina-os kernel: pcpu-alloc: [0] 0 1 
Apr 02 16:02:19 lumina-os kernel: kvm-guest: PV spinlocks enabled
Apr 02 16:02:19 lumina-os kernel: PV qspinlock hash table entries: 256 (order: 0, 4096 bytes, linear)
Apr 02 16:02:19 lumina-os kernel: Kernel command line: BOOT_IMAGE=/arch/boot/x86_64/vmlinuz-linux archisobasedir=arch archisosearchuuid=2026-04-02-16-02-15-00
Apr 02 16:02:19 lumina-os kernel: Unknown kernel command line parameters "archisobasedir=arch archisosearchuuid=2026-04-02-16-02-15-00", will be passed to user space.
Apr 02 16:02:19 lumina-os kernel: random: crng init done
Apr 02 16:02:19 lumina-os kernel: printk: log buffer data + meta data: 131072 + 458752 = 589824 bytes
Apr 02 16:02:19 lumina-os kernel: Dentry cache hash table entries: 524288 (order: 10, 4194304 bytes, linear)
Apr 02 16:02:19 lumina-os kernel: Inode-cache hash table entries: 262144 (order: 9, 2097152 bytes, linear)
Apr 02 16:02:19 lumina-os kernel: software IO TLB: area num 2.
Apr 02 16:02:19 lumina-os kernel: Fallback order for Node 0: 0 
Apr 02 16:02:19 lumina-os kernel: Built 1 zonelists, mobility grouping on.  Total pages: 1044401
Apr 02 16:02:19 lumina-os kernel: Policy zone: Normal
Apr 02 16:02:19 lumina-os kernel: mem auto-init: stack:all(zero), heap alloc:on, heap free:off
Apr 02 16:02:19 lumina-os kernel: SLUB: HWalign=64, Order=0-3, MinObjects=0, CPUs=2, Nodes=1
Apr 02 16:02:19 lumina-os kernel: ftrace: allocating 57670 entries in 228 pages
Apr 02 16:02:19 lumina-os kernel: ftrace: allocated 228 pages with 4 groups
Apr 02 16:02:19 lumina-os kernel: Dynamic Preempt: full
Apr 02 16:02:19 lumina-os kernel: rcu: Preemptible hierarchical RCU implementation.
Apr 02 16:02:19 lumina-os kernel: rcu:         RCU restricting CPUs from NR_CPUS=8192 to nr_cpu_ids=2.
Apr 02 16:02:19 lumina-os kernel: rcu:         RCU priority boosting: priority 1 delay 500 ms.
Apr 02 16:02:19 lumina-os kernel:         Trampoline variant of Tasks RCU enabled.
Apr 02 16:02:19 lumina-os kernel:         Rude variant of Tasks RCU enabled.
Apr 02 16:02:19 lumina-os kernel:         Tracing variant of Tasks RCU enabled.
Apr 02 16:02:19 lumina-os kernel: rcu: RCU calculated value of scheduler-enlistment delay is 100 jiffies.
Apr 02 16:02:19 lumina-os kernel: rcu: Adjusting geometry for rcu_fanout_leaf=16, nr_cpu_ids=2
Apr 02 16:02:19 lumina-os kernel: RCU Tasks: Setting shift to 1 and lim to 1 rcu_task_cb_adjust=1 rcu_task_cpu_ids=2.
Apr 02 16:02:19 lumina-os kernel: RCU Tasks Rude: Setting shift to 1 and lim to 1 rcu_task_cb_adjust=1 rcu_task_cpu_ids=2.
Apr 02 16:02:19 lumina-os kernel: RCU Tasks Trace: Setting shift to 1 and lim to 1 rcu_task_cb_adjust=1 rcu_task_cpu_ids=2.
Apr 02 16:02:19 lumina-os kernel: NR_IRQS: 524544, nr_irqs: 440, preallocated irqs: 16
Apr 02 16:02:19 lumina-os kernel: rcu: srcu_init: Setting srcu_struct sizes based on contention.
Apr 02 16:02:19 lumina-os kernel: kfence: initialized - using 2097152 bytes for 255 objects at 0x(____ptrval____)-0x(____ptrval____)
Apr 02 16:02:19 lumina-os kernel: Console: colour dummy device 80x25
Apr 02 16:02:19 lumina-os kernel: printk: legacy console [tty0] enabled
Apr 02 16:02:19 lumina-os kernel: ACPI: Core revision 20250807
Apr 02 16:02:19 lumina-os kernel: APIC: Switch to symmetric I/O mode setup
Apr 02 16:02:19 lumina-os kernel: ..TIMER: vector=0x30 apic1=0 pin1=2 apic2=-1 pin2=-1
Apr 02 16:02:19 lumina-os kernel: clocksource: tsc-early: mask: 0xffffffffffffffff max_cycles: 0x1e71768ef8b, max_idle_ns: 440795218977 ns
Apr 02 16:02:19 lumina-os kernel: Calibrating delay loop (skipped) preset value.. 4223.99 BogoMIPS (lpj=2111998)
Apr 02 16:02:19 lumina-os kernel: Last level iTLB entries: 4KB 0, 2MB 0, 4MB 0
Apr 02 16:02:19 lumina-os kernel: Last level dTLB entries: 4KB 0, 2MB 0, 4MB 0, 1GB 0
Apr 02 16:02:19 lumina-os kernel: mitigations: Enabled attack vectors: user_kernel, user_user, guest_host, guest_guest, SMT mitigations: auto
Apr 02 16:02:19 lumina-os kernel: Speculative Store Bypass: Vulnerable
Apr 02 16:02:19 lumina-os kernel: Spectre V2 : Mitigation: Enhanced / Automatic IBRS
Apr 02 16:02:19 lumina-os kernel: RETBleed: Mitigation: Enhanced IBRS
Apr 02 16:02:19 lumina-os kernel: ITS: Mitigation: Aligned branch/return thunks
Apr 02 16:02:19 lumina-os kernel: Register File Data Sampling: Mitigation: Clear Register File
Apr 02 16:02:19 lumina-os kernel: Spectre V1 : Mitigation: usercopy/swapgs barriers and __user pointer sanitization
Apr 02 16:02:19 lumina-os kernel: Spectre V2 : Spectre v2 / PBRSB-eIBRS: Retire a single CALL on VMEXIT
Apr 02 16:02:19 lumina-os kernel: active return thunk: its_return_thunk
Apr 02 16:02:19 lumina-os kernel: Spectre V2 : Spectre BHI mitigation: SW BHB clearing on syscall and VM exit
Apr 02 16:02:19 lumina-os kernel: x86/fpu: x87 FPU will use FXSAVE
Apr 02 16:02:19 lumina-os kernel: Freeing SMP alternatives memory: 56K
Apr 02 16:02:19 lumina-os kernel: pid_max: default: 32768 minimum: 301
Apr 02 16:02:19 lumina-os kernel: landlock: Up and running.
Apr 02 16:02:19 lumina-os kernel: Yama: becoming mindful.
Apr 02 16:02:19 lumina-os kernel: LSM support for eBPF active
Apr 02 16:02:19 lumina-os kernel: Mount-cache hash table entries: 8192 (order: 4, 65536 bytes, linear)
Apr 02 16:02:19 lumina-os kernel: Mountpoint-cache hash table entries: 8192 (order: 4, 65536 bytes, linear)
Apr 02 16:02:19 lumina-os kernel: APIC calibration not consistent with PM-Timer: 105ms instead of 100ms
Apr 02 16:02:19 lumina-os kernel: APIC delta adjusted to PM-Timer: 6294130 (6634110)
Apr 02 16:02:19 lumina-os kernel: smpboot: CPU0: 13th Gen Intel(R) Core(TM) i7-13700F (family: 0x6, model: 0xb7, stepping: 0x1)
Apr 02 16:02:19 lumina-os kernel: Performance Events: unsupported CPU family 6 model 183 no PMU driver, software events only.
Apr 02 16:02:19 lumina-os kernel: signal: max sigframe size: 1440
Apr 02 16:02:19 lumina-os kernel: rcu: Hierarchical SRCU implementation.
Apr 02 16:02:19 lumina-os kernel: rcu:         Max phase no-delay instances is 400.
Apr 02 16:02:19 lumina-os kernel: Timer migration: 1 hierarchy levels; 8 children per group; 1 crossnode level
Apr 02 16:02:19 lumina-os kernel: NMI watchdog: Perf NMI watchdog permanently disabled
Apr 02 16:02:19 lumina-os kernel: smp: Bringing up secondary CPUs ...
Apr 02 16:02:19 lumina-os kernel: smpboot: x86: Booting SMP configuration:
Apr 02 16:02:19 lumina-os kernel: .... node  #0, CPUs:      #1
Apr 02 16:02:19 lumina-os kernel: smp: Brought up 1 node, 2 CPUs
Apr 02 16:02:19 lumina-os kernel: smpboot: Total of 2 processors activated (8447.99 BogoMIPS)
Apr 02 16:02:19 lumina-os kernel: Memory: 3910172K/4177604K available (20566K kernel code, 2951K rwdata, 16740K rodata, 4776K init, 4600K bss, 258500K reserved, 0K cma-reserved)
Apr 02 16:02:19 lumina-os kernel: devtmpfs: initialized
Apr 02 16:02:19 lumina-os kernel: x86/mm: Memory block size: 128MB
Apr 02 16:02:19 lumina-os kernel: ACPI: PM: Registering ACPI NVS region [mem 0xdef7f000-0xdeffefff] (524288 bytes)
Apr 02 16:02:19 lumina-os kernel: clocksource: jiffies: mask: 0xffffffff max_cycles: 0xffffffff, max_idle_ns: 1911260446275000 ns
Apr 02 16:02:19 lumina-os kernel: posixtimers hash table entries: 1024 (order: 2, 16384 bytes, linear)
Apr 02 16:02:19 lumina-os kernel: futex hash table entries: 512 (32768 bytes on 1 NUMA nodes, total 32 KiB, linear).
Apr 02 16:02:19 lumina-os kernel: PM: RTC time: 10:47:54, date: 2026-04-02
Apr 02 16:02:19 lumina-os kernel: NET: Registered PF_NETLINK/PF_ROUTE protocol family
Apr 02 16:02:19 lumina-os kernel: DMA: preallocated 512 KiB GFP_KERNEL pool for atomic allocations
Apr 02 16:02:19 lumina-os kernel: DMA: preallocated 512 KiB GFP_KERNEL|GFP_DMA pool for atomic allocations
Apr 02 16:02:19 lumina-os kernel: DMA: preallocated 512 KiB GFP_KERNEL|GFP_DMA32 pool for atomic allocations
Apr 02 16:02:19 lumina-os kernel: audit: initializing netlink subsys (disabled)
Apr 02 16:02:19 lumina-os kernel: thermal_sys: Registered thermal governor 'fair_share'
Apr 02 16:02:19 lumina-os kernel: thermal_sys: Registered thermal governor 'bang_bang'
Apr 02 16:02:19 lumina-os kernel: thermal_sys: Registered thermal governor 'step_wise'
Apr 02 16:02:19 lumina-os kernel: thermal_sys: Registered thermal governor 'user_space'
Apr 02 16:02:19 lumina-os kernel: thermal_sys: Registered thermal governor 'power_allocator'
Apr 02 16:02:19 lumina-os kernel: audit: type=2000 audit(1775152080.201:1): state=initialized audit_enabled=0 res=1
Apr 02 16:02:19 lumina-os kernel: cpuidle: using governor ladder
Apr 02 16:02:19 lumina-os kernel: cpuidle: using governor menu
Apr 02 16:02:19 lumina-os kernel: efi: Freeing EFI boot services memory: 22812K
Apr 02 16:02:19 lumina-os kernel: acpiphp: ACPI Hot Plug PCI Controller Driver version: 0.5
Apr 02 16:02:19 lumina-os kernel: PCI: Using configuration type 1 for base access
Apr 02 16:02:19 lumina-os kernel: kprobes: kprobe jump-optimization is enabled. All kprobes are optimized if possible.
Apr 02 16:02:19 lumina-os kernel: HugeTLB: registered 2.00 MiB page size, pre-allocated 0 pages
Apr 02 16:02:19 lumina-os kernel: HugeTLB: 28 KiB vmemmap can be freed for a 2.00 MiB page
Apr 02 16:02:19 lumina-os kernel: raid6: skipped pq benchmark and selected sse2x4
Apr 02 16:02:19 lumina-os kernel: raid6: using ssse3x2 recovery algorithm
Apr 02 16:02:19 lumina-os kernel: ACPI: Added _OSI(Module Device)
Apr 02 16:02:19 lumina-os kernel: ACPI: Added _OSI(Processor Device)
Apr 02 16:02:19 lumina-os kernel: ACPI: Added _OSI(Processor Aggregator Device)
Apr 02 16:02:19 lumina-os kernel: ACPI: 2 ACPI AML tables successfully acquired and loaded
Apr 02 16:02:19 lumina-os kernel: ACPI: Interpreter enabled
Apr 02 16:02:19 lumina-os kernel: ACPI: PM: (supports S0 S5)
Apr 02 16:02:19 lumina-os kernel: ACPI: Using IOAPIC for interrupt routing
Apr 02 16:02:19 lumina-os kernel: PCI: Using host bridge windows from ACPI; if necessary, use "pci=nocrs" and report a bug
Apr 02 16:02:19 lumina-os kernel: PCI: Using E820 reservations for host bridge windows
Apr 02 16:02:19 lumina-os kernel: ACPI: Enabled 2 GPEs in block 00 to 07
Apr 02 16:02:19 lumina-os kernel: ACPI: PCI Root Bridge [PCI0] (domain 0000 [bus 00-ff])
Apr 02 16:02:19 lumina-os kernel: acpi PNP0A03:00: _OSC: OS supports [ASPM ClockPM Segments MSI EDR HPX-Type3]
Apr 02 16:02:19 lumina-os kernel: acpi PNP0A03:00: _OSC: not requesting OS control; OS requires [ExtendedConfig ASPM ClockPM MSI]
Apr 02 16:02:19 lumina-os kernel: acpi PNP0A03:00: fail to add MMCONFIG information, can't access extended configuration space under this bridge
Apr 02 16:02:19 lumina-os kernel: PCI host bridge to bus 0000:00
Apr 02 16:02:19 lumina-os kernel: pci_bus 0000:00: root bus resource [io  0x0000-0x0cf7 window]
Apr 02 16:02:19 lumina-os kernel: pci_bus 0000:00: root bus resource [io  0x0d00-0xffff window]
Apr 02 16:02:19 lumina-os kernel: pci_bus 0000:00: root bus resource [mem 0x000a0000-0x000bffff window]
Apr 02 16:02:19 lumina-os kernel: pci_bus 0000:00: root bus resource [mem 0xe0000000-0xfdffffff window]
Apr 02 16:02:19 lumina-os kernel: pci_bus 0000:00: root bus resource [bus 00-ff]
Apr 02 16:02:19 lumina-os kernel: pci 0000:00:00.0: [8086:1237] type 00 class 0x060000 conventional PCI endpoint
Apr 02 16:02:19 lumina-os kernel: pci 0000:00:01.0: [8086:7000] type 00 class 0x060100 conventional PCI endpoint
Apr 02 16:02:19 lumina-os kernel: pci 0000:00:01.1: [8086:7111] type 00 class 0x01018a conventional PCI endpoint
Apr 02 16:02:19 lumina-os kernel: pci 0000:00:01.1: BAR 4 [io  0xc170-0xc17f]
Apr 02 16:02:19 lumina-os kernel: pci 0000:00:01.1: BAR 0 [io  0x01f0-0x01f7]: legacy IDE quirk
Apr 02 16:02:19 lumina-os kernel: pci 0000:00:01.1: BAR 1 [io  0x03f6]: legacy IDE quirk
Apr 02 16:02:19 lumina-os kernel: pci 0000:00:01.1: BAR 2 [io  0x0170-0x0177]: legacy IDE quirk
Apr 02 16:02:19 lumina-os kernel: pci 0000:00:01.1: BAR 3 [io  0x0376]: legacy IDE quirk
Apr 02 16:02:19 lumina-os kernel: pci 0000:00:02.0: [80ee:beef] type 00 class 0x030000 conventional PCI endpoint
Apr 02 16:02:19 lumina-os kernel: pci 0000:00:02.0: BAR 0 [mem 0xe0000000-0xe7ffffff pref]
Apr 02 16:02:19 lumina-os kernel: pci 0000:00:02.0: BAR 1 [io  0xc160-0xc16f]
Apr 02 16:02:19 lumina-os kernel: pci 0000:00:02.0: BAR 2 [mem 0xe8400000-0xe85fffff]
Apr 02 16:02:19 lumina-os kernel: pci 0000:00:02.0: Video device with shadowed ROM at [mem 0x000c0000-0x000dffff]
Apr 02 16:02:19 lumina-os kernel: pci 0000:00:03.0: [8086:100e] type 00 class 0x020000 conventional PCI endpoint
Apr 02 16:02:19 lumina-os kernel: pci 0000:00:03.0: BAR 0 [mem 0xe8600000-0xe861ffff]
Apr 02 16:02:19 lumina-os kernel: pci 0000:00:03.0: BAR 2 [io  0xc180-0xc187]
Apr 02 16:02:19 lumina-os kernel: pci 0000:00:04.0: [80ee:cafe] type 00 class 0x088000 conventional PCI endpoint
Apr 02 16:02:19 lumina-os kernel: pci 0000:00:04.0: BAR 0 [io  0xc140-0xc15f]
Apr 02 16:02:19 lumina-os kernel: pci 0000:00:04.0: BAR 1 [mem 0xe8000000-0xe83fffff]
Apr 02 16:02:19 lumina-os kernel: pci 0000:00:04.0: BAR 2 [mem 0xe8620000-0xe8623fff pref]
Apr 02 16:02:19 lumina-os kernel: pci 0000:00:05.0: [8086:2415] type 00 class 0x040100 conventional PCI endpoint
Apr 02 16:02:19 lumina-os kernel: pci 0000:00:05.0: BAR 0 [io  0xc000-0xc0ff]
Apr 02 16:02:19 lumina-os kernel: pci 0000:00:05.0: BAR 1 [io  0xc100-0xc13f]
Apr 02 16:02:19 lumina-os kernel: pci 0000:00:06.0: [106b:003f] type 00 class 0x0c0310 conventional PCI endpoint
Apr 02 16:02:19 lumina-os kernel: pci 0000:00:06.0: BAR 0 [mem 0xe8624000-0xe8624fff]
Apr 02 16:02:19 lumina-os kernel: pci 0000:00:07.0: [8086:7113] type 00 class 0x068000 conventional PCI endpoint
Apr 02 16:02:19 lumina-os kernel: pci 0000:00:07.0: quirk: [io  0xb000-0xb03f] claimed by PIIX4 ACPI
Apr 02 16:02:19 lumina-os kernel: pci 0000:00:07.0: quirk: [io  0x4100-0x410f] claimed by PIIX4 SMB
Apr 02 16:02:19 lumina-os kernel: ACPI: PCI: Interrupt link LNKA configured for IRQ 10
Apr 02 16:02:19 lumina-os kernel: ACPI: PCI: Interrupt link LNKB configured for IRQ 10
Apr 02 16:02:19 lumina-os kernel: ACPI: PCI: Interrupt link LNKC configured for IRQ 11
Apr 02 16:02:19 lumina-os kernel: ACPI: PCI: Interrupt link LNKD configured for IRQ 11
Apr 02 16:02:19 lumina-os kernel: iommu: Default domain type: Translated
Apr 02 16:02:19 lumina-os kernel: iommu: DMA domain TLB invalidation policy: lazy mode
Apr 02 16:02:19 lumina-os kernel: SCSI subsystem initialized
Apr 02 16:02:19 lumina-os kernel: libata version 3.00 loaded.
Apr 02 16:02:19 lumina-os kernel: ACPI: bus type USB registered
Apr 02 16:02:19 lumina-os kernel: usbcore: registered new interface driver usbfs
Apr 02 16:02:19 lumina-os kernel: usbcore: registered new interface driver hub
Apr 02 16:02:19 lumina-os kernel: usbcore: registered new device driver usb
Apr 02 16:02:19 lumina-os kernel: EDAC MC: Ver: 3.0.0
Apr 02 16:02:19 lumina-os kernel: efivars: Registered efivars operations
Apr 02 16:02:19 lumina-os kernel: NetLabel: Initializing
Apr 02 16:02:19 lumina-os kernel: NetLabel:  domain hash size = 128
Apr 02 16:02:19 lumina-os kernel: NetLabel:  protocols = UNLABELED CIPSOv4 CALIPSO
Apr 02 16:02:19 lumina-os kernel: NetLabel:  unlabeled traffic allowed by default
Apr 02 16:02:19 lumina-os kernel: mctp: management component transport protocol core
Apr 02 16:02:19 lumina-os kernel: NET: Registered PF_MCTP protocol family
Apr 02 16:02:19 lumina-os kernel: PCI: Using ACPI for IRQ routing
Apr 02 16:02:19 lumina-os kernel: PCI: pci_cache_line_size set to 64 bytes
Apr 02 16:02:19 lumina-os kernel: e820: reserve RAM buffer [mem 0xdda4f000-0xdfffffff]
Apr 02 16:02:19 lumina-os kernel: e820: reserve RAM buffer [mem 0xde1b7000-0xdfffffff]
Apr 02 16:02:19 lumina-os kernel: e820: reserve RAM buffer [mem 0xdecef000-0xdfffffff]
Apr 02 16:02:19 lumina-os kernel: e820: reserve RAM buffer [mem 0xdf36b000-0xdfffffff]
Apr 02 16:02:19 lumina-os kernel: pci 0000:00:02.0: vgaarb: setting as boot VGA device
Apr 02 16:02:19 lumina-os kernel: pci 0000:00:02.0: vgaarb: bridge control possible
Apr 02 16:02:19 lumina-os kernel: pci 0000:00:02.0: vgaarb: VGA device added: decodes=io+mem,owns=io+mem,locks=none
Apr 02 16:02:19 lumina-os kernel: vgaarb: loaded
Apr 02 16:02:19 lumina-os kernel: clocksource: Switched to clocksource kvm-clock
Apr 02 16:02:19 lumina-os kernel: VFS: Disk quotas dquot_6.6.0
Apr 02 16:02:19 lumina-os kernel: VFS: Dquot-cache hash table entries: 512 (order 0, 4096 bytes)
Apr 02 16:02:19 lumina-os kernel: pnp: PnP ACPI init
Apr 02 16:02:19 lumina-os kernel: pnp: PnP ACPI: found 2 devices
Apr 02 16:02:19 lumina-os kernel: clocksource: acpi_pm: mask: 0xffffff max_cycles: 0xffffff, max_idle_ns: 2085701024 ns
Apr 02 16:02:19 lumina-os kernel: NET: Registered PF_INET protocol family
Apr 02 16:02:19 lumina-os kernel: IP idents hash table entries: 65536 (order: 7, 524288 bytes, linear)
Apr 02 16:02:19 lumina-os kernel: tcp_listen_portaddr_hash hash table entries: 2048 (order: 3, 32768 bytes, linear)
Apr 02 16:02:19 lumina-os kernel: Table-perturb hash table entries: 65536 (order: 6, 262144 bytes, linear)
Apr 02 16:02:19 lumina-os kernel: TCP established hash table entries: 32768 (order: 6, 262144 bytes, linear)
Apr 02 16:02:19 lumina-os kernel: TCP bind hash table entries: 32768 (order: 8, 1048576 bytes, linear)
Apr 02 16:02:19 lumina-os kernel: TCP: Hash tables configured (established 32768 bind 32768)
Apr 02 16:02:19 lumina-os kernel: MPTCP token hash table entries: 4096 (order: 5, 98304 bytes, linear)
Apr 02 16:02:19 lumina-os kernel: UDP hash table entries: 2048 (order: 5, 131072 bytes, linear)
Apr 02 16:02:19 lumina-os kernel: UDP-Lite hash table entries: 2048 (order: 5, 131072 bytes, linear)
Apr 02 16:02:19 lumina-os kernel: NET: Registered PF_UNIX/PF_LOCAL protocol family
Apr 02 16:02:19 lumina-os kernel: NET: Registered PF_XDP protocol family
Apr 02 16:02:19 lumina-os kernel: pci_bus 0000:00: resource 4 [io  0x0000-0x0cf7 window]
Apr 02 16:02:19 lumina-os kernel: pci_bus 0000:00: resource 5 [io  0x0d00-0xffff window]
Apr 02 16:02:19 lumina-os kernel: pci_bus 0000:00: resource 6 [mem 0x000a0000-0x000bffff window]
Apr 02 16:02:19 lumina-os kernel: pci_bus 0000:00: resource 7 [mem 0xe0000000-0xfdffffff window]
Apr 02 16:02:19 lumina-os kernel: pci 0000:00:00.0: Limiting direct PCI/PCI transfers
Apr 02 16:02:19 lumina-os kernel: PCI: CLS 0 bytes, default 64
Apr 02 16:02:19 lumina-os kernel: PCI-DMA: Using software bounce buffering for IO (SWIOTLB)
Apr 02 16:02:19 lumina-os kernel: software IO TLB: mapped [mem 0x00000000d1e41000-0x00000000d5e41000] (64MB)
Apr 02 16:02:19 lumina-os kernel: clocksource: tsc: mask: 0xffffffffffffffff max_cycles: 0x1e71768ef8b, max_idle_ns: 440795218977 ns
Apr 02 16:02:19 lumina-os kernel: clocksource: Switched to clocksource tsc
Apr 02 16:02:19 lumina-os kernel: platform rtc_cmos: registered platform RTC device (no PNP device found)
Apr 02 16:02:19 lumina-os kernel: Trying to unpack rootfs image as initramfs...
Apr 02 16:02:19 lumina-os kernel: Initialise system trusted keyrings
Apr 02 16:02:19 lumina-os kernel: Key type blacklist registered
Apr 02 16:02:19 lumina-os kernel: workingset: timestamp_bits=36 max_order=20 bucket_order=0
Apr 02 16:02:19 lumina-os kernel: fuse: init (API version 7.45)
Apr 02 16:02:19 lumina-os kernel: integrity: Platform Keyring initialized
Apr 02 16:02:19 lumina-os kernel: integrity: Machine keyring initialized
Apr 02 16:02:19 lumina-os kernel: xor: measuring software checksum speed
Apr 02 16:02:19 lumina-os kernel:    prefetch64-sse  : 33946 MB/sec
Apr 02 16:02:19 lumina-os kernel:    generic_sse     : 32215 MB/sec
Apr 02 16:02:19 lumina-os kernel: xor: using function: prefetch64-sse (33946 MB/sec)
Apr 02 16:02:19 lumina-os kernel: Key type asymmetric registered
Apr 02 16:02:19 lumina-os kernel: Asymmetric key parser 'x509' registered
Apr 02 16:02:19 lumina-os kernel: Block layer SCSI generic (bsg) driver version 0.4 loaded (major 245)
Apr 02 16:02:19 lumina-os kernel: io scheduler mq-deadline registered
Apr 02 16:02:19 lumina-os kernel: io scheduler kyber registered
Apr 02 16:02:19 lumina-os kernel: io scheduler bfq registered
Apr 02 16:02:19 lumina-os kernel: ledtrig-cpu: registered to indicate activity on CPUs
Apr 02 16:02:19 lumina-os kernel: ACPI: AC: AC Adapter [AC] (on-line)
Apr 02 16:02:19 lumina-os kernel: input: Power Button as /devices/LNXSYSTM:00/LNXPWRBN:00/input/input0
Apr 02 16:02:19 lumina-os kernel: ACPI: button: Power Button [PWRF]
Apr 02 16:02:19 lumina-os kernel: input: Sleep Button as /devices/LNXSYSTM:00/LNXSLPBN:00/input/input1
Apr 02 16:02:19 lumina-os kernel: ACPI: button: Sleep Button [SLPF]
Apr 02 16:02:19 lumina-os kernel: Serial: 8250/16550 driver, 32 ports, IRQ sharing enabled
Apr 02 16:02:19 lumina-os kernel: Non-volatile memory driver v1.3
Apr 02 16:02:19 lumina-os kernel: Linux agpgart interface v0.103
Apr 02 16:02:19 lumina-os kernel: ACPI: bus type drm_connector registered
Apr 02 16:02:19 lumina-os kernel: ohci-pci 0000:00:06.0: OHCI PCI host controller
Apr 02 16:02:19 lumina-os kernel: ohci-pci 0000:00:06.0: new USB bus registered, assigned bus number 1
Apr 02 16:02:19 lumina-os kernel: ohci-pci 0000:00:06.0: irq 22, io mem 0xe8624000
Apr 02 16:02:19 lumina-os kernel: usb usb1: New USB device found, idVendor=1d6b, idProduct=0001, bcdDevice= 6.19
Apr 02 16:02:19 lumina-os kernel: usb usb1: New USB device strings: Mfr=3, Product=2, SerialNumber=1
Apr 02 16:02:19 lumina-os kernel: usb usb1: Product: OHCI PCI host controller
Apr 02 16:02:19 lumina-os kernel: usb usb1: Manufacturer: Linux 6.19.10-arch1-1 ohci_hcd
Apr 02 16:02:19 lumina-os kernel: usb usb1: SerialNumber: 0000:00:06.0
Apr 02 16:02:19 lumina-os kernel: hub 1-0:1.0: USB hub found
Apr 02 16:02:19 lumina-os kernel: hub 1-0:1.0: 12 ports detected
Apr 02 16:02:19 lumina-os kernel: usbcore: registered new interface driver usbserial_generic
Apr 02 16:02:19 lumina-os kernel: usbserial: USB Serial support registered for generic
Apr 02 16:02:19 lumina-os kernel: i8042: PNP: PS/2 Controller [PNP0303:PS2K,PNP0f03:PS2M] at 0x60,0x64 irq 1,12
Apr 02 16:02:19 lumina-os kernel: Freeing initrd memory: 34456K
Apr 02 16:02:19 lumina-os kernel: serio: i8042 KBD port at 0x60,0x64 irq 1
Apr 02 16:02:19 lumina-os kernel: serio: i8042 AUX port at 0x60,0x64 irq 12
Apr 02 16:02:19 lumina-os kernel: rtc_cmos rtc_cmos: registered as rtc0
Apr 02 16:02:19 lumina-os kernel: input: AT Translated Set 2 keyboard as /devices/platform/i8042/serio0/input/input2
Apr 02 16:02:19 lumina-os kernel: rtc_cmos rtc_cmos: setting system clock to 2026-04-02T10:47:54 UTC (1775126874)
Apr 02 16:02:19 lumina-os kernel: rtc_cmos rtc_cmos: alarms up to one day, 114 bytes nvram
Apr 02 16:02:19 lumina-os kernel: intel_pstate: CPU model not supported
Apr 02 16:02:19 lumina-os kernel: simple-framebuffer simple-framebuffer.0: [drm] Registered 1 planes with drm panic
Apr 02 16:02:19 lumina-os kernel: [drm] Initialized simpledrm 1.0.0 for simple-framebuffer.0 on minor 0
Apr 02 16:02:19 lumina-os kernel: fbcon: Deferring console take-over
Apr 02 16:02:19 lumina-os kernel: simple-framebuffer simple-framebuffer.0: [drm] fb0: simpledrmdrmfb frame buffer device
Apr 02 16:02:19 lumina-os kernel: hid: raw HID events driver (C) Jiri Kosina
Apr 02 16:02:19 lumina-os kernel: usbcore: registered new interface driver usbhid
Apr 02 16:02:19 lumina-os kernel: usbhid: USB HID core driver
Apr 02 16:02:19 lumina-os kernel: rust_binder: Loaded Rust Binder.
Apr 02 16:02:19 lumina-os kernel: drop_monitor: Initializing network drop monitor service
Apr 02 16:02:19 lumina-os kernel: NET: Registered PF_INET6 protocol family
Apr 02 16:02:19 lumina-os kernel: Segment Routing with IPv6
Apr 02 16:02:19 lumina-os kernel: RPL Segment Routing with IPv6
Apr 02 16:02:19 lumina-os kernel: In-situ OAM (IOAM) with IPv6
Apr 02 16:02:19 lumina-os kernel: NET: Registered PF_PACKET protocol family
Apr 02 16:02:19 lumina-os kernel: IPI shorthand broadcast: enabled
Apr 02 16:02:19 lumina-os kernel: sched_clock: Marking stable (684067692, 5446992)->(745573640, -56058956)
Apr 02 16:02:19 lumina-os kernel: registered taskstats version 1
Apr 02 16:02:19 lumina-os kernel: Loading compiled-in X.509 certificates
Apr 02 16:02:19 lumina-os kernel: Loaded X.509 cert 'Build time autogenerated kernel key: 9cc2763735001357e10a4b254e3e73705be7745e'
Apr 02 16:02:19 lumina-os kernel: zswap: loaded using pool zstd
Apr 02 16:02:19 lumina-os kernel: Demotion targets for Node 0: null
Apr 02 16:02:19 lumina-os kernel: Key type .fscrypt registered
Apr 02 16:02:19 lumina-os kernel: Key type fscrypt-provisioning registered
Apr 02 16:02:19 lumina-os kernel: Btrfs loaded, zoned=yes, fsverity=yes
Apr 02 16:02:19 lumina-os kernel: Key type big_key registered
Apr 02 16:02:19 lumina-os kernel: PM:   Magic number: 6:432:779
Apr 02 16:02:19 lumina-os kernel: RAS: Correctable Errors collector initialized.
Apr 02 16:02:19 lumina-os kernel: clk: Disabling unused clocks
Apr 02 16:02:19 lumina-os kernel: PM: genpd: Disabling unused power domains
Apr 02 16:02:19 lumina-os kernel: Freeing unused decrypted memory: 2028K
Apr 02 16:02:19 lumina-os kernel: Freeing unused kernel image (initmem) memory: 4776K
Apr 02 16:02:19 lumina-os kernel: Write protecting the kernel read-only data: 40960k
Apr 02 16:02:19 lumina-os kernel: Freeing unused kernel image (text/rodata gap) memory: 1960K
Apr 02 16:02:19 lumina-os kernel: Freeing unused kernel image (rodata/data gap) memory: 1692K
Apr 02 16:02:19 lumina-os kernel: x86/mm: Checked W+X mappings: passed, no W+X pages found.
Apr 02 16:02:19 lumina-os kernel: rodata_test: all tests were successful
Apr 02 16:02:19 lumina-os kernel: Run /init as init process
Apr 02 16:02:19 lumina-os kernel:   with arguments:
Apr 02 16:02:19 lumina-os kernel:     /init
Apr 02 16:02:19 lumina-os kernel:   with environment:
Apr 02 16:02:19 lumina-os kernel:     HOME=/
Apr 02 16:02:19 lumina-os kernel:     TERM=linux
Apr 02 16:02:19 lumina-os kernel:     archisobasedir=arch
Apr 02 16:02:19 lumina-os kernel:     archisosearchuuid=2026-04-02-16-02-15-00
Apr 02 16:02:19 lumina-os kernel: fbcon: Taking over console
Apr 02 16:02:19 lumina-os kernel: Console: switching to colour frame buffer device 128x48
Apr 02 16:02:19 lumina-os kernel: vboxguest: host-version: 7.0.26r168464 0x8000000f
Apr 02 16:02:19 lumina-os kernel: scsi host0: ata_piix
Apr 02 16:02:19 lumina-os kernel: scsi host1: ata_piix
Apr 02 16:02:19 lumina-os kernel: ata1: PATA max UDMA/33 cmd 0x1f0 ctl 0x3f6 bmdma 0xc170 irq 14 lpm-pol 0
Apr 02 16:02:19 lumina-os kernel: ata2: PATA max UDMA/33 cmd 0x170 ctl 0x376 bmdma 0xc178 irq 15 lpm-pol 0
Apr 02 16:02:19 lumina-os kernel: vbg_heartbeat_init: Setting up heartbeat to trigger every 2000 milliseconds
Apr 02 16:02:19 lumina-os kernel: input: VirtualBox mouse integration as /devices/pci0000:00/0000:00:04.0/input/input4
Apr 02 16:02:19 lumina-os kernel: usb 1-1: new full-speed USB device number 2 using ohci-pci
Apr 02 16:02:19 lumina-os kernel: ata2.00: ATAPI: VBOX CD-ROM, 1.0, max UDMA/133
Apr 02 16:02:19 lumina-os kernel: scsi 1:0:0:0: CD-ROM            VBOX     CD-ROM           1.0  PQ: 0 ANSI: 5
Apr 02 16:02:19 lumina-os kernel: sr 1:0:0:0: [sr0] scsi3-mmc drive: 32x/32x xa/form2 tray
Apr 02 16:02:19 lumina-os kernel: cdrom: Uniform CD-ROM driver Revision: 3.20
Apr 02 16:02:19 lumina-os kernel: sr 1:0:0:0: Attached scsi CD-ROM sr0
Apr 02 16:02:19 lumina-os kernel: usb 1-1: New USB device found, idVendor=80ee, idProduct=0021, bcdDevice= 1.00
Apr 02 16:02:19 lumina-os kernel: usb 1-1: New USB device strings: Mfr=1, Product=3, SerialNumber=0
Apr 02 16:02:19 lumina-os kernel: usb 1-1: Product: USB Tablet
Apr 02 16:02:19 lumina-os kernel: usb 1-1: Manufacturer: VirtualBox
Apr 02 16:02:19 lumina-os kernel: input: VirtualBox USB Tablet as /devices/pci0000:00/0000:00:06.0/usb1/1-1/1-1:1.0/0003:80EE:0021.0001/input/input5
Apr 02 16:02:19 lumina-os kernel: hid-generic 0003:80EE:0021.0001: input,hidraw0: USB HID v1.10 Mouse [VirtualBox USB Tablet] on usb-0000:00:06.0-1/input0
Apr 02 16:02:19 lumina-os kernel: ISO 9660 Extensions: Microsoft Joliet Level 3
Apr 02 16:02:19 lumina-os kernel: ISO 9660 Extensions: RRIP_1991A
Apr 02 16:02:19 lumina-os kernel: loop: module loaded
Apr 02 16:02:19 lumina-os kernel: loop0: detected capacity change from 0 to 4390152
Apr 02 16:02:19 lumina-os kernel: netfs: FS-Cache loaded
Apr 02 16:02:19 lumina-os kernel: erofs (device loop0): initialized per-cpu workers successfully.
Apr 02 16:02:19 lumina-os kernel: erofs (device loop0): mounted with root inode @ nid 37.
Apr 02 16:02:19 lumina-os kernel: overlayfs: "xino" feature enabled using 2 upper inode bits.
Apr 02 16:02:19 lumina-os systemd[1]: System time advanced to timestamp on /usr/lib/clock-epoch: Thu 2026-04-02 16:02:15 UTC
Apr 02 16:02:19 lumina-os kernel: clocksource: Long readout interval, skipping watchdog check: cs_nsec: 2096963005 wd_nsec: 2096961247
Apr 02 16:02:19 lumina-os systemd[1]: systemd 260.1-1-arch running in system mode (+PAM +AUDIT -SELINUX +APPARMOR -IMA +IPE +SMACK +SECCOMP +GCRYPT +GNUTLS +OPENSSL +ACL +BLKID +CURL +ELFUTILS +FIDO2 +IDN2 +KMOD +LIBCRYPTSETUP +LIBCRYPTSETUP_PLUGINS +LIBFDISK +PCRE2 +PWQUALITY +P11KIT +QRENCODE +TPM2 +BZIP2 +LZ4 +XZ +ZLIB +ZSTD +BPF_FRAMEWORK +BTF +XKBCOMMON +UTMP +LIBARCHIVE)
Apr 02 16:02:19 lumina-os systemd[1]: Detected virtualization oracle.
Apr 02 16:02:19 lumina-os systemd[1]: Detected architecture x86-64.
Apr 02 16:02:19 lumina-os systemd[1]: Detected first boot.
Apr 02 16:02:19 lumina-os systemd[1]: Failed to read SMBIOS type #11 object 0, ignoring: Bad message
Apr 02 16:02:19 lumina-os systemd[1]: Initializing machine ID from random generator.
Apr 02 16:02:19 lumina-os systemd[1]: Hostname set to <lumina-os>.
Apr 02 16:02:19 lumina-os systemd[1]: bpf-restrict-fs: LSM BPF program attached
Apr 02 16:02:19 lumina-os systemd-gpt-auto-generator[322]: EFI loader partition unknown, not processing /.
Apr 02 16:02:19 lumina-os systemd-gpt-auto-generator[322]: (The boot loader did not set EFI variable LoaderDevicePartUUID.)
Apr 02 16:02:19 lumina-os systemd[1]: Applying preset policy.
Apr 02 16:02:19 lumina-os systemd[1]: Created symlink '/etc/systemd/system/multi-user.target.wants/machines.target' → '/usr/lib/systemd/system/machines.target'.
Apr 02 16:02:19 lumina-os systemd[1]: Created symlink '/etc/systemd/system/ctrl-alt-del.target' → '/usr/lib/systemd/system/reboot.target'.
Apr 02 16:02:19 lumina-os systemd[1]: Created symlink '/etc/systemd/system/multi-user.target.wants/remote-cryptsetup.target' → '/usr/lib/systemd/system/remote-cryptsetup.target'.
Apr 02 16:02:19 lumina-os systemd[1]: Created symlink '/etc/systemd/system/multi-user.target.wants/remote-integritysetup.target' → '/usr/lib/systemd/system/remote-integritysetup.target'.
Apr 02 16:02:19 lumina-os systemd[1]: Created symlink '/etc/systemd/system/multi-user.target.wants/remote-veritysetup.target' → '/usr/lib/systemd/system/remote-veritysetup.target'.
Apr 02 16:02:19 lumina-os systemd[1]: Created symlink '/etc/systemd/system/sysinit.target.wants/systemd-boot-clear-sysfail.service' → '/usr/lib/systemd/system/systemd-boot-clear-sysfail.service'.
Apr 02 16:02:19 lumina-os systemd[1]: Created symlink '/etc/systemd/system/sysinit.target.wants/systemd-boot-update.service' → '/usr/lib/systemd/system/systemd-boot-update.service'.
Apr 02 16:02:19 lumina-os systemd[1]: Created symlink '/etc/systemd/system/sysinit.target.wants/systemd-confext.service' → '/usr/lib/systemd/system/systemd-confext.service'.
Apr 02 16:02:19 lumina-os systemd[1]: Created symlink '/etc/systemd/system/systemd-homed.service.wants/systemd-homed-activate.service' → '/usr/lib/systemd/system/systemd-homed-activate.service'.
Apr 02 16:02:19 lumina-os systemd[1]: Created symlink '/etc/systemd/system/dbus-org.freedesktop.home1.service' → '/usr/lib/systemd/system/systemd-homed.service'.
Apr 02 16:02:19 lumina-os systemd[1]: Created symlink '/etc/systemd/system/multi-user.target.wants/systemd-homed.service' → '/usr/lib/systemd/system/systemd-homed.service'.
Apr 02 16:02:19 lumina-os systemd[1]: Created symlink '/etc/systemd/system/sockets.target.wants/systemd-journald-audit.socket' → '/usr/lib/systemd/system/systemd-journald-audit.socket'.
Apr 02 16:02:19 lumina-os systemd[1]: Created symlink '/etc/systemd/system/systemd-journald.service.wants/systemd-journald-audit.socket' → '/usr/lib/systemd/system/systemd-journald-audit.socket'.
Apr 02 16:02:19 lumina-os systemd[1]: Created symlink '/etc/systemd/system/sockets.target.wants/systemd-mountfsd.socket' → '/usr/lib/systemd/system/systemd-mountfsd.socket'.
Apr 02 16:02:19 lumina-os systemd[1]: Created symlink '/etc/systemd/system/sysinit.target.wants/systemd-network-generator.service' → '/usr/lib/systemd/system/systemd-network-generator.service'.
Apr 02 16:02:19 lumina-os systemd[1]: Created symlink '/etc/systemd/system/network-online.target.wants/systemd-networkd-wait-online.service' → '/usr/lib/systemd/system/systemd-networkd-wait-online.service'.
Apr 02 16:02:19 lumina-os systemd[1]: Created symlink '/etc/systemd/system/dbus-org.freedesktop.network1.service' → '/usr/lib/systemd/system/systemd-networkd.service'.
Apr 02 16:02:19 lumina-os systemd[1]: Created symlink '/etc/systemd/system/multi-user.target.wants/systemd-networkd.service' → '/usr/lib/systemd/system/systemd-networkd.service'.
Apr 02 16:02:19 lumina-os systemd[1]: Created symlink '/etc/systemd/system/sockets.target.wants/systemd-networkd.socket' → '/usr/lib/systemd/system/systemd-networkd.socket'.
Apr 02 16:02:19 lumina-os systemd[1]: Created symlink '/etc/systemd/system/sockets.target.wants/systemd-networkd-varlink.socket' → '/usr/lib/systemd/system/systemd-networkd-varlink.socket'.
Apr 02 16:02:19 lumina-os systemd[1]: Created symlink '/etc/systemd/system/sockets.target.wants/systemd-networkd-varlink-metrics.socket' → '/usr/lib/systemd/system/systemd-networkd-varlink-metrics.socket'.
Apr 02 16:02:19 lumina-os systemd[1]: Created symlink '/etc/systemd/system/sockets.target.wants/systemd-networkd-resolve-hook.socket' → '/usr/lib/systemd/system/systemd-networkd-resolve-hook.socket'.
Apr 02 16:02:19 lumina-os systemd[1]: Created symlink '/etc/systemd/system/sockets.target.wants/systemd-nsresourced.socket' → '/usr/lib/systemd/system/systemd-nsresourced.socket'.
Apr 02 16:02:19 lumina-os systemd[1]: Created symlink '/etc/systemd/system/sysinit.target.wants/systemd-pstore.service' → '/usr/lib/systemd/system/systemd-pstore.service'.
Apr 02 16:02:19 lumina-os systemd[1]: Created symlink '/etc/systemd/system/dbus-org.freedesktop.resolve1.service' → '/usr/lib/systemd/system/systemd-resolved.service'.
Apr 02 16:02:19 lumina-os systemd[1]: Created symlink '/etc/systemd/system/sysinit.target.wants/systemd-resolved.service' → '/usr/lib/systemd/system/systemd-resolved.service'.
Apr 02 16:02:19 lumina-os systemd[1]: Created symlink '/etc/systemd/system/sockets.target.wants/systemd-resolved-varlink.socket' → '/usr/lib/systemd/system/systemd-resolved-varlink.socket'.
Apr 02 16:02:19 lumina-os systemd[1]: Created symlink '/etc/systemd/system/sockets.target.wants/systemd-resolved-monitor.socket' → '/usr/lib/systemd/system/systemd-resolved-monitor.socket'.
Apr 02 16:02:19 lumina-os systemd[1]: Created symlink '/etc/systemd/system/sysinit.target.wants/systemd-sysext.service' → '/usr/lib/systemd/system/systemd-sysext.service'.
Apr 02 16:02:19 lumina-os systemd[1]: Created symlink '/etc/systemd/system/dbus-org.freedesktop.timesync1.service' → '/usr/lib/systemd/system/systemd-timesyncd.service'.
Apr 02 16:02:19 lumina-os systemd[1]: Created symlink '/etc/systemd/system/sysinit.target.wants/systemd-timesyncd.service' → '/usr/lib/systemd/system/systemd-timesyncd.service'.
Apr 02 16:02:19 lumina-os systemd[1]: Created symlink '/etc/systemd/system/factory-reset.target.wants/systemd-tpm2-clear.service' → '/usr/lib/systemd/system/systemd-tpm2-clear.service'.
Apr 02 16:02:19 lumina-os systemd[1]: Populated /etc with preset unit settings.
Apr 02 16:02:19 lumina-os systemd[1]: Queued start job for default target Graphical Interface.
Apr 02 16:02:19 lumina-os systemd[1]: Created slice Slice /system/dirmngr.
Apr 02 16:02:19 lumina-os systemd[1]: Created slice Slice /system/getty.
Apr 02 16:02:19 lumina-os systemd[1]: Created slice Slice /system/gpg-agent.
Apr 02 16:02:19 lumina-os systemd[1]: Created slice Slice /system/gpg-agent-browser.
Apr 02 16:02:19 lumina-os systemd[1]: Created slice Slice /system/gpg-agent-extra.
Apr 02 16:02:19 lumina-os systemd[1]: Created slice Slice /system/gpg-agent-ssh.
Apr 02 16:02:19 lumina-os systemd[1]: Created slice Slice /system/keyboxd.
Apr 02 16:02:19 lumina-os systemd[1]: Created slice Slice /system/modprobe.
Apr 02 16:02:19 lumina-os systemd[1]: Created slice User and Session Slice.
Apr 02 16:02:19 lumina-os systemd[1]: Started Dispatch Password Requests to Console Directory Watch.
Apr 02 16:02:19 lumina-os systemd[1]: Started Forward Password Requests to Wall Directory Watch.
Apr 02 16:02:19 lumina-os systemd[1]: Set up automount Arbitrary Executable File Formats File System Automount Point.
Apr 02 16:02:19 lumina-os systemd[1]: Reached target Local Encrypted Volumes.
Apr 02 16:02:19 lumina-os systemd[1]: Reached target Login Prompts.
Apr 02 16:02:19 lumina-os systemd[1]: Reached target Image Downloads.
Apr 02 16:02:19 lumina-os systemd[1]: Reached target Local Integrity Protected Volumes.
Apr 02 16:02:19 lumina-os systemd[1]: Reached target Path Units.
Apr 02 16:02:19 lumina-os systemd[1]: Reached target Remote Encrypted Volumes.
Apr 02 16:02:19 lumina-os systemd[1]: Reached target Remote File Systems.
Apr 02 16:02:19 lumina-os systemd[1]: Reached target Remote Integrity Protected Volumes.
Apr 02 16:02:19 lumina-os systemd[1]: Reached target Remote Verity Protected Volumes.
Apr 02 16:02:19 lumina-os systemd[1]: Reached target Slice Units.
Apr 02 16:02:19 lumina-os systemd[1]: Reached target Swaps.
Apr 02 16:02:19 lumina-os systemd[1]: Reached target Local Verity Protected Volumes.
Apr 02 16:02:19 lumina-os systemd[1]: Listening on Device-mapper event daemon FIFOs.
Apr 02 16:02:19 lumina-os systemd[1]: Listening on Query the User Interactively for a Password.
Apr 02 16:02:19 lumina-os systemd[1]: Listening on Process Core Dump Socket.
Apr 02 16:02:19 lumina-os systemd[1]: Listening on Credential Encryption/Decryption.
Apr 02 16:02:19 lumina-os systemd[1]: Listening on Factory Reset Management.
Apr 02 16:02:19 lumina-os systemd[1]: Listening on Journal Audit Socket.
Apr 02 16:02:19 lumina-os systemd[1]: Listening on Journal Socket (/dev/log).
Apr 02 16:02:19 lumina-os systemd[1]: Listening on Journal Sockets.
Apr 02 16:02:19 lumina-os systemd[1]: Listening on DDI File System Mounter Socket.
Apr 02 16:02:19 lumina-os systemd[1]: Listening on Console Output Muting Service Socket.
Apr 02 16:02:19 lumina-os systemd[1]: Listening on Network Management Resolve Hook Socket.
Apr 02 16:02:19 lumina-os systemd[1]: Listening on Network Management Metrics Varlink Socket.
Apr 02 16:02:19 lumina-os systemd[1]: Listening on Network Management Varlink Socket.
Apr 02 16:02:19 lumina-os systemd[1]: Listening on Network Management Netlink Socket.
Apr 02 16:02:19 lumina-os systemd[1]: Listening on Namespace Resource Manager Socket.
Apr 02 16:02:19 lumina-os systemd[1]: TPM PCR Measurements skipped, unmet condition check ConditionSecurity=measured-uki
Apr 02 16:02:19 lumina-os systemd[1]: Make TPM PCR Policy skipped, unmet condition check ConditionSecurity=measured-uki
Apr 02 16:02:19 lumina-os systemd[1]: Listening on Disk Repartitioning Service Socket.
Apr 02 16:02:19 lumina-os systemd[1]: Listening on Resolve Monitor Varlink Socket.
Apr 02 16:02:19 lumina-os systemd[1]: Listening on Resolve Service Varlink Socket.
Apr 02 16:02:19 lumina-os systemd[1]: Listening on udev Control Socket.
Apr 02 16:02:19 lumina-os systemd[1]: Listening on udev Kernel Socket.
Apr 02 16:02:19 lumina-os systemd[1]: Listening on udev Varlink Socket.
Apr 02 16:02:19 lumina-os systemd[1]: Listening on User Database Manager Socket.
Apr 02 16:02:19 lumina-os systemd[1]: Mounting Huge Pages File System...
Apr 02 16:02:19 lumina-os systemd[1]: Mounting POSIX Message Queue File System...
Apr 02 16:02:19 lumina-os systemd[1]: Mounting Kernel Debug File System...
Apr 02 16:02:19 lumina-os systemd[1]: Mounting Kernel Trace File System...
Apr 02 16:02:19 lumina-os systemd[1]: Mounting Temporary Directory /tmp...
Apr 02 16:02:19 lumina-os systemd[1]: Starting Create List of Static Device Nodes...
Apr 02 16:02:19 lumina-os systemd[1]: Load Kernel Module configfs skipped, unmet condition check ConditionKernelModuleLoaded=!configfs
Apr 02 16:02:19 lumina-os systemd[1]: Mounting Kernel Configuration File System...
Apr 02 16:02:19 lumina-os systemd[1]: Load Kernel Module drm skipped, unmet condition check ConditionKernelModuleLoaded=!drm
Apr 02 16:02:19 lumina-os systemd[1]: Load Kernel Module efi_pstore skipped, unmet condition check ConditionKernelModuleLoaded=!efi_pstore
Apr 02 16:02:19 lumina-os systemd[1]: Load Kernel Module fuse skipped, unmet condition check ConditionKernelModuleLoaded=!fuse
Apr 02 16:02:19 lumina-os systemd[1]: Mounting FUSE Control File System...
Apr 02 16:02:19 lumina-os systemd[1]: Clear SysFail Entry If The Boot Is Successful skipped, unmet condition check ConditionPathExists=/sys/firmware/efi/efivars/LoaderEntrySysFail-4a67b082-0a4c-41cf-b6c7-440b29bb8c4f
Apr 02 16:02:19 lumina-os systemd[1]: Clear Stale Hibernate Storage Info skipped, unmet condition check ConditionPathExists=/sys/firmware/efi/efivars/HibernateLocation-8cf2644b-4b0b-428f-9387-6d876050dc67
Apr 02 16:02:19 lumina-os systemd[1]: Starting Journal Service...
Apr 02 16:02:19 lumina-os systemd[1]: Starting Load Kernel Modules...
Apr 02 16:02:19 lumina-os systemd[1]: Starting Generate Network Units from Kernel Command Line...
Apr 02 16:02:19 lumina-os systemd[1]: TPM PCR Machine ID Measurement skipped, unmet condition check ConditionSecurity=measured-uki
Apr 02 16:02:19 lumina-os systemd[1]: TPM NvPCR Product ID Measurement skipped, unmet condition check ConditionSecurity=measured-uki
Apr 02 16:02:19 lumina-os systemd[1]: Starting Remount Root and Kernel File Systems...
Apr 02 16:02:19 lumina-os systemd[1]: Early TPM SRK Setup skipped, unmet condition check ConditionSecurity=measured-uki
Apr 02 16:02:19 lumina-os systemd[1]: Starting Load udev Rules from Credentials...
Apr 02 16:02:19 lumina-os systemd[1]: Starting Coldplug All udev Devices...
Apr 02 16:02:19 lumina-os kernel: i2c_dev: i2c /dev entries driver
Apr 02 16:02:19 lumina-os systemd[1]: Mounted Huge Pages File System.
Apr 02 16:02:19 lumina-os systemd[1]: Mounted POSIX Message Queue File System.
Apr 02 16:02:19 lumina-os systemd[1]: Mounted Kernel Debug File System.
Apr 02 16:02:19 lumina-os systemd[1]: Mounted Kernel Trace File System.
Apr 02 16:02:19 lumina-os systemd[1]: Mounted Temporary Directory /tmp.
Apr 02 16:02:19 lumina-os systemd[1]: Finished Create List of Static Device Nodes.
Apr 02 16:02:19 lumina-os systemd[1]: Mounted Kernel Configuration File System.
Apr 02 16:02:19 lumina-os systemd[1]: Mounted FUSE Control File System.
Apr 02 16:02:19 lumina-os systemd[1]: Finished Load Kernel Modules.
Apr 02 16:02:19 lumina-os systemd[1]: Starting Apply Kernel Variables...
Apr 02 16:02:19 lumina-os systemd[1]: Starting Create Static Device Nodes in /dev gracefully...
Apr 02 16:02:19 lumina-os systemd[1]: Finished Remount Root and Kernel File Systems.
Apr 02 16:02:19 lumina-os systemd-journald[342]: Collecting audit messages is enabled.
Apr 02 16:02:19 lumina-os systemd[1]: Rebuild Hardware Database skipped, no trigger condition checks were met.
Apr 02 16:02:19 lumina-os systemd[1]: Platform Persistent Storage Archival skipped, unmet condition check ConditionDirectoryNotEmpty=/sys/fs/pstore
Apr 02 16:02:19 lumina-os systemd[1]: Starting Load/Save OS Random Seed...
Apr 02 16:02:19 lumina-os systemd[1]: TPM SRK Setup skipped, unmet condition check ConditionSecurity=measured-uki
Apr 02 16:02:19 lumina-os systemd[1]: TPM PCR NvPCR Initialization Separator skipped, unmet condition check ConditionSecurity=measured-uki
Apr 02 16:02:19 lumina-os systemd[1]: Finished Generate Network Units from Kernel Command Line.
Apr 02 16:02:19 lumina-os kernel: audit: type=1130 audit(1775145739.041:2): pid=1 uid=0 auid=4294967295 ses=4294967295 msg='unit=systemd-network-generator comm="systemd" exe="/usr/lib/systemd/systemd" hostname=? addr=? terminal=? res=success'
Apr 02 16:02:19 lumina-os systemd[1]: Finished Load udev Rules from Credentials.
Apr 02 16:02:19 lumina-os kernel: audit: type=1130 audit(1775145739.070:3): pid=1 uid=0 auid=4294967295 ses=4294967295 msg='unit=systemd-udev-load-credentials comm="systemd" exe="/usr/lib/systemd/systemd" hostname=? addr=? terminal=? res=success'
Apr 02 16:02:19 lumina-os systemd[1]: Reached target Preparation for Network.
Apr 02 16:02:19 lumina-os systemd[1]: Finished Apply Kernel Variables.
Apr 02 16:02:19 lumina-os kernel: audit: type=1130 audit(1775145739.079:4): pid=1 uid=0 auid=4294967295 ses=4294967295 msg='unit=systemd-sysctl comm="systemd" exe="/usr/lib/systemd/systemd" hostname=? addr=? terminal=? res=success'
Apr 02 16:02:19 lumina-os systemd[1]: Starting Load Kernel Module tun...
Apr 02 16:02:19 lumina-os kernel: audit: type=1334 audit(1775145739.111:5): prog-id=24 op=LOAD
Apr 02 16:02:19 lumina-os kernel: audit: type=1334 audit(1775145739.117:6): prog-id=25 op=LOAD
Apr 02 16:02:19 lumina-os kernel: audit: type=1334 audit(1775145739.117:7): prog-id=26 op=LOAD
Apr 02 16:02:19 lumina-os systemd[1]: Starting User Database Manager...
Apr 02 16:02:19 lumina-os systemd[1]: Finished Load/Save OS Random Seed.
Apr 02 16:02:19 lumina-os kernel: audit: type=1130 audit(1775145739.129:8): pid=1 uid=0 auid=4294967295 ses=4294967295 msg='unit=systemd-random-seed comm="systemd" exe="/usr/lib/systemd/systemd" hostname=? addr=? terminal=? res=success'
Apr 02 16:02:19 lumina-os systemd-journald[342]: Journal started
Apr 02 16:02:19 lumina-os systemd-journald[342]: Runtime Journal (/run/log/journal/dec76af32520442680832644933698a9) is 8M, max 194.6M, 186.6M free.
Apr 02 16:02:19 lumina-os audit[1]: SERVICE_START pid=1 uid=0 auid=4294967295 ses=4294967295 msg='unit=systemd-network-generator comm="systemd" exe="/usr/lib/systemd/systemd" hostname=? addr=? terminal=? res=success'
Apr 02 16:02:19 lumina-os audit[1]: SERVICE_START pid=1 uid=0 auid=4294967295 ses=4294967295 msg='unit=systemd-udev-load-credentials comm="systemd" exe="/usr/lib/systemd/systemd" hostname=? addr=? terminal=? res=success'
Apr 02 16:02:19 lumina-os audit[1]: SERVICE_START pid=1 uid=0 auid=4294967295 ses=4294967295 msg='unit=systemd-sysctl comm="systemd" exe="/usr/lib/systemd/systemd" hostname=? addr=? terminal=? res=success'
Apr 02 16:02:19 lumina-os audit: BPF prog-id=24 op=LOAD
Apr 02 16:02:19 lumina-os audit: BPF prog-id=25 op=LOAD
Apr 02 16:02:19 lumina-os audit: BPF prog-id=26 op=LOAD
Apr 02 16:02:19 lumina-os audit[1]: SERVICE_START pid=1 uid=0 auid=4294967295 ses=4294967295 msg='unit=systemd-random-seed comm="systemd" exe="/usr/lib/systemd/systemd" hostname=? addr=? terminal=? res=success'
Apr 02 16:02:18 lumina-os systemd-modules-load[343]: Inserted module 'i2c_dev'
Apr 02 16:02:19 lumina-os audit[1]: SERVICE_START pid=1 uid=0 auid=4294967295 ses=4294967295 msg='unit=systemd-journald comm="systemd" exe="/usr/lib/systemd/systemd" hostname=? addr=? terminal=? res=success'
Apr 02 16:02:19 lumina-os systemd[1]: Started Journal Service.
Apr 02 16:02:19 lumina-os kernel: audit: type=1130 audit(1775145739.172:9): pid=1 uid=0 auid=4294967295 ses=4294967295 msg='unit=systemd-journald comm="systemd" exe="/usr/lib/systemd/systemd" hostname=? addr=? terminal=? res=success'
Apr 02 16:02:19 lumina-os systemd[1]: proc-sys-fs-binfmt_misc.automount: Got automount request for /proc/sys/fs/binfmt_misc, triggered by 354 ((systemd-userd))
Apr 02 16:02:19 lumina-os kernel: tun: Universal TUN/TAP device driver, 1.6
Apr 02 16:02:19 lumina-os systemd[1]: modprobe@tun.service: Deactivated successfully.
Apr 02 16:02:19 lumina-os systemd[1]: Finished Load Kernel Module tun.
Apr 02 16:02:19 lumina-os audit[1]: SERVICE_START pid=1 uid=0 auid=4294967295 ses=4294967295 msg='unit=modprobe@tun comm="systemd" exe="/usr/lib/systemd/systemd" hostname=? addr=? terminal=? res=success'
Apr 02 16:02:19 lumina-os audit[1]: SERVICE_STOP pid=1 uid=0 auid=4294967295 ses=4294967295 msg='unit=modprobe@tun comm="systemd" exe="/usr/lib/systemd/systemd" hostname=? addr=? terminal=? res=success'
Apr 02 16:02:19 lumina-os kernel: audit: type=1130 audit(1775145739.184:10): pid=1 uid=0 auid=4294967295 ses=4294967295 msg='unit=modprobe@tun comm="systemd" exe="/usr/lib/systemd/systemd" hostname=? addr=? terminal=? res=success'
Apr 02 16:02:19 lumina-os kernel: audit: type=1131 audit(1775145739.187:11): pid=1 uid=0 auid=4294967295 ses=4294967295 msg='unit=modprobe@tun comm="systemd" exe="/usr/lib/systemd/systemd" hostname=? addr=? terminal=? res=success'
Apr 02 16:02:19 lumina-os systemd[1]: Starting Flush Journal to Persistent Storage...
Apr 02 16:02:19 lumina-os systemd[1]: Starting Namespace Resource Manager...
Apr 02 16:02:19 lumina-os audit: BPF prog-id=27 op=LOAD
Apr 02 16:02:19 lumina-os audit: BPF prog-id=28 op=LOAD
Apr 02 16:02:19 lumina-os audit: BPF prog-id=29 op=LOAD
Apr 02 16:02:19 lumina-os systemd-journald[342]: Time spent on flushing to /var/log/journal/dec76af32520442680832644933698a9 is 4.860ms for 612 entries.
Apr 02 16:02:19 lumina-os systemd-journald[342]: System Journal (/var/log/journal/dec76af32520442680832644933698a9) is 3.2M, max 25.6M, 22.3M free.
Apr 02 16:02:19 lumina-os audit[1]: SERVICE_START pid=1 uid=0 auid=4294967295 ses=4294967295 msg='unit=systemd-udev-trigger comm="systemd" exe="/usr/lib/systemd/systemd" hostname=? addr=? terminal=? res=success'
Apr 02 16:02:19 lumina-os systemd-journald[342]: Received client request to flush runtime journal.
Apr 02 16:02:19 lumina-os systemd[1]: Finished Coldplug All udev Devices.
Apr 02 16:02:19 lumina-os systemd[1]: Finished Flush Journal to Persistent Storage.
Apr 02 16:02:19 lumina-os audit[1]: SERVICE_START pid=1 uid=0 auid=4294967295 ses=4294967295 msg='unit=systemd-journal-flush comm="systemd" exe="/usr/lib/systemd/systemd" hostname=? addr=? terminal=? res=success'
Apr 02 16:02:22 lumina-os systemd[1]: Mounting Arbitrary Executable File Formats File System...
Apr 02 16:02:22 lumina-os systemd[1]: Mounted Arbitrary Executable File Formats File System.
Apr 02 16:02:22 lumina-os audit: BPF prog-id=30 op=LOAD
Apr 02 16:02:22 lumina-os audit[371]: SYSCALL arch=c000003e syscall=321 success=yes exit=14 a0=5 a1=7fff4ab08f40 a2=94 a3=1000 items=0 ppid=1 pid=371 auid=4294967295 uid=0 gid=0 euid=0 suid=0 fsuid=0 egid=0 sgid=0 fsgid=0 tty=(none) ses=4294967295 comm="systemd-nsresou" exe="/usr/lib/systemd/systemd-nsresourced" key=(null)
Apr 02 16:02:22 lumina-os audit: PROCTITLE proctitle="/usr/lib/systemd/systemd-nsresourced"
Apr 02 16:02:22 lumina-os audit: BPF prog-id=30 op=UNLOAD
Apr 02 16:02:22 lumina-os audit[371]: SYSCALL arch=c000003e syscall=3 success=yes exit=0 a0=e a1=0 a2=0 a3=0 items=0 ppid=1 pid=371 auid=4294967295 uid=0 gid=0 euid=0 suid=0 fsuid=0 egid=0 sgid=0 fsgid=0 tty=(none) ses=4294967295 comm="systemd-nsresou" exe="/usr/lib/systemd/systemd-nsresourced" key=(null)
Apr 02 16:02:22 lumina-os audit: PROCTITLE proctitle="/usr/lib/systemd/systemd-nsresourced"
Apr 02 16:02:22 lumina-os audit: BPF prog-id=31 op=LOAD
Apr 02 16:02:22 lumina-os audit[371]: SYSCALL arch=c000003e syscall=321 success=yes exit=11 a0=5 a1=7fff4ab08da0 a2=98 a3=2 items=0 ppid=1 pid=371 auid=4294967295 uid=0 gid=0 euid=0 suid=0 fsuid=0 egid=0 sgid=0 fsgid=0 tty=(none) ses=4294967295 comm="systemd-nsresou" exe="/usr/lib/systemd/systemd-nsresourced" key=(null)
Apr 02 16:02:22 lumina-os audit: PROCTITLE proctitle="/usr/lib/systemd/systemd-nsresourced"
Apr 02 16:02:22 lumina-os audit: BPF prog-id=31 op=UNLOAD
Apr 02 16:02:22 lumina-os audit[371]: SYSCALL arch=c000003e syscall=3 success=yes exit=0 a0=b a1=0 a2=0 a3=0 items=0 ppid=1 pid=371 auid=4294967295 uid=0 gid=0 euid=0 suid=0 fsuid=0 egid=0 sgid=0 fsgid=0 tty=(none) ses=4294967295 comm="systemd-nsresou" exe="/usr/lib/systemd/systemd-nsresourced" key=(null)
Apr 02 16:02:22 lumina-os audit: PROCTITLE proctitle="/usr/lib/systemd/systemd-nsresourced"
Apr 02 16:02:22 lumina-os audit[1]: SERVICE_START pid=1 uid=0 auid=4294967295 ses=4294967295 msg='unit=systemd-userdbd comm="systemd" exe="/usr/lib/systemd/systemd" hostname=? addr=? terminal=? res=success'
Apr 02 16:02:22 lumina-os systemd[1]: Started User Database Manager.
Apr 02 16:02:22 lumina-os audit: BPF prog-id=32 op=LOAD
Apr 02 16:02:22 lumina-os audit[371]: SYSCALL arch=c000003e syscall=321 success=yes exit=15 a0=5 a1=7fff4ab08a60 a2=94 a3=7f179b61f080 items=0 ppid=1 pid=371 auid=4294967295 uid=0 gid=0 euid=0 suid=0 fsuid=0 egid=0 sgid=0 fsgid=0 tty=(none) ses=4294967295 comm="systemd-nsresou" exe="/usr/lib/systemd/systemd-nsresourced" key=(null)
Apr 02 16:02:22 lumina-os audit: PROCTITLE proctitle="/usr/lib/systemd/systemd-nsresourced"
Apr 02 16:02:22 lumina-os audit: BPF prog-id=32 op=UNLOAD
Apr 02 16:02:22 lumina-os audit[371]: SYSCALL arch=c000003e syscall=3 success=yes exit=0 a0=f a1=0 a2=0 a3=0 items=0 ppid=1 pid=371 auid=4294967295 uid=0 gid=0 euid=0 suid=0 fsuid=0 egid=0 sgid=0 fsgid=0 tty=(none) ses=4294967295 comm="systemd-nsresou" exe="/usr/lib/systemd/systemd-nsresourced" key=(null)
Apr 02 16:02:22 lumina-os audit: PROCTITLE proctitle="/usr/lib/systemd/systemd-nsresourced"
Apr 02 16:02:22 lumina-os audit: BPF prog-id=33 op=LOAD
Apr 02 16:02:22 lumina-os audit[371]: SYSCALL arch=c000003e syscall=321 success=yes exit=15 a0=5 a1=7fff4ab08b80 a2=98 a3=7f179b61f080 items=0 ppid=1 pid=371 auid=4294967295 uid=0 gid=0 euid=0 suid=0 fsuid=0 egid=0 sgid=0 fsgid=0 tty=(none) ses=4294967295 comm="systemd-nsresou" exe="/usr/lib/systemd/systemd-nsresourced" key=(null)
Apr 02 16:02:22 lumina-os audit: PROCTITLE proctitle="/usr/lib/systemd/systemd-nsresourced"
Apr 02 16:02:22 lumina-os audit: BPF prog-id=33 op=UNLOAD
Apr 02 16:02:22 lumina-os audit[371]: SYSCALL arch=c000003e syscall=3 success=yes exit=0 a0=f a1=0 a2=0 a3=0 items=0 ppid=1 pid=371 auid=4294967295 uid=0 gid=0 euid=0 suid=0 fsuid=0 egid=0 sgid=0 fsgid=0 tty=(none) ses=4294967295 comm="systemd-nsresou" exe="/usr/lib/systemd/systemd-nsresourced" key=(null)
Apr 02 16:02:22 lumina-os audit: PROCTITLE proctitle="/usr/lib/systemd/systemd-nsresourced"
Apr 02 16:02:22 lumina-os audit: BPF prog-id=34 op=LOAD
Apr 02 16:02:22 lumina-os audit[371]: SYSCALL arch=c000003e syscall=321 success=yes exit=15 a0=5 a1=7fff4ab08da0 a2=98 a3=7f179b61f080 items=0 ppid=1 pid=371 auid=4294967295 uid=0 gid=0 euid=0 suid=0 fsuid=0 egid=0 sgid=0 fsgid=0 tty=(none) ses=4294967295 comm="systemd-nsresou" exe="/usr/lib/systemd/systemd-nsresourced" key=(null)
Apr 02 16:02:22 lumina-os audit: PROCTITLE proctitle="/usr/lib/systemd/systemd-nsresourced"
Apr 02 16:02:22 lumina-os audit: BPF prog-id=35 op=LOAD
Apr 02 16:02:22 lumina-os audit[371]: SYSCALL arch=c000003e syscall=321 success=yes exit=16 a0=5 a1=7fff4ab08da0 a2=98 a3=7f179b61f080 items=0 ppid=1 pid=371 auid=4294967295 uid=0 gid=0 euid=0 suid=0 fsuid=0 egid=0 sgid=0 fsgid=0 tty=(none) ses=4294967295 comm="systemd-nsresou" exe="/usr/lib/systemd/systemd-nsresourced" key=(null)
Apr 02 16:02:22 lumina-os audit: PROCTITLE proctitle="/usr/lib/systemd/systemd-nsresourced"
Apr 02 16:02:23 lumina-os audit: BPF prog-id=36 op=LOAD
Apr 02 16:02:23 lumina-os audit[371]: SYSCALL arch=c000003e syscall=321 success=yes exit=17 a0=5 a1=7fff4ab08da0 a2=98 a3=7f179b61f080 items=0 ppid=1 pid=371 auid=4294967295 uid=0 gid=0 euid=0 suid=0 fsuid=0 egid=0 sgid=0 fsgid=0 tty=(none) ses=4294967295 comm="systemd-nsresou" exe="/usr/lib/systemd/systemd-nsresourced" key=(null)
Apr 02 16:02:23 lumina-os audit: PROCTITLE proctitle="/usr/lib/systemd/systemd-nsresourced"
Apr 02 16:02:23 lumina-os audit: BPF prog-id=37 op=LOAD
Apr 02 16:02:23 lumina-os audit[371]: SYSCALL arch=c000003e syscall=321 success=yes exit=18 a0=5 a1=7fff4ab08da0 a2=98 a3=7f179b61f080 items=0 ppid=1 pid=371 auid=4294967295 uid=0 gid=0 euid=0 suid=0 fsuid=0 egid=0 sgid=0 fsgid=0 tty=(none) ses=4294967295 comm="systemd-nsresou" exe="/usr/lib/systemd/systemd-nsresourced" key=(null)
Apr 02 16:02:23 lumina-os audit: PROCTITLE proctitle="/usr/lib/systemd/systemd-nsresourced"
Apr 02 16:02:23 lumina-os audit: BPF prog-id=38 op=LOAD
Apr 02 16:02:23 lumina-os audit[371]: SYSCALL arch=c000003e syscall=321 success=yes exit=19 a0=5 a1=7fff4ab08da0 a2=98 a3=7f179b61f080 items=0 ppid=1 pid=371 auid=4294967295 uid=0 gid=0 euid=0 suid=0 fsuid=0 egid=0 sgid=0 fsgid=0 tty=(none) ses=4294967295 comm="systemd-nsresou" exe="/usr/lib/systemd/systemd-nsresourced" key=(null)
Apr 02 16:02:23 lumina-os audit: PROCTITLE proctitle="/usr/lib/systemd/systemd-nsresourced"
Apr 02 16:02:23 lumina-os audit: BPF prog-id=39 op=LOAD
Apr 02 16:02:23 lumina-os audit[371]: SYSCALL arch=c000003e syscall=321 success=yes exit=20 a0=5 a1=7fff4ab08da0 a2=98 a3=7f179b61f080 items=0 ppid=1 pid=371 auid=4294967295 uid=0 gid=0 euid=0 suid=0 fsuid=0 egid=0 sgid=0 fsgid=0 tty=(none) ses=4294967295 comm="systemd-nsresou" exe="/usr/lib/systemd/systemd-nsresourced" key=(null)
Apr 02 16:02:23 lumina-os audit: PROCTITLE proctitle="/usr/lib/systemd/systemd-nsresourced"
Apr 02 16:02:23 lumina-os audit: BPF prog-id=40 op=LOAD
Apr 02 16:02:23 lumina-os audit[371]: SYSCALL arch=c000003e syscall=321 success=yes exit=21 a0=5 a1=7fff4ab08da0 a2=98 a3=7f179b61f080 items=0 ppid=1 pid=371 auid=4294967295 uid=0 gid=0 euid=0 suid=0 fsuid=0 egid=0 sgid=0 fsgid=0 tty=(none) ses=4294967295 comm="systemd-nsresou" exe="/usr/lib/systemd/systemd-nsresourced" key=(null)
Apr 02 16:02:23 lumina-os audit: PROCTITLE proctitle="/usr/lib/systemd/systemd-nsresourced"
Apr 02 16:02:23 lumina-os systemd-nsresourced[371]: userns-restrict BPF-LSM program userns_restrict_path_chown now attached.
Apr 02 16:02:23 lumina-os systemd-nsresourced[371]: userns-restrict BPF-LSM program userns_restrict_path_mkdir now attached.
Apr 02 16:02:23 lumina-os systemd-nsresourced[371]: userns-restrict BPF-LSM program userns_restrict_path_mknod now attached.
Apr 02 16:02:23 lumina-os systemd-nsresourced[371]: userns-restrict BPF-LSM program userns_restrict_path_symlink now attached.
Apr 02 16:02:23 lumina-os systemd-nsresourced[371]: userns-restrict BPF-LSM program userns_restrict_path_link now attached.
Apr 02 16:02:23 lumina-os systemd-nsresourced[371]: userns-restrict BPF-LSM program userns_restrict_task_fix_setgroups now attached.
Apr 02 16:02:23 lumina-os audit: BPF prog-id=41 op=LOAD
Apr 02 16:02:23 lumina-os systemd-nsresourced[371]: userns-restrict BPF-LSM program userns_restrict_retire_userns_sysctls now attached.
Apr 02 16:02:23 lumina-os systemd[1]: Started Namespace Resource Manager.
Apr 02 16:02:23 lumina-os audit[371]: SYSCALL arch=c000003e syscall=321 success=yes exit=29 a0=5 a1=7fff4ab08b30 a2=98 a3=2 items=0 ppid=1 pid=371 auid=4294967295 uid=0 gid=0 euid=0 suid=0 fsuid=0 egid=0 sgid=0 fsgid=0 tty=(none) ses=4294967295 comm="systemd-nsresou" exe="/usr/lib/systemd/systemd-nsresourced" key=(null)
Apr 02 16:02:23 lumina-os audit: PROCTITLE proctitle="/usr/lib/systemd/systemd-nsresourced"
Apr 02 16:02:23 lumina-os audit: BPF prog-id=41 op=UNLOAD
Apr 02 16:02:23 lumina-os audit[371]: SYSCALL arch=c000003e syscall=3 success=yes exit=0 a0=1d a1=0 a2=0 a3=0 items=0 ppid=1 pid=371 auid=4294967295 uid=0 gid=0 euid=0 suid=0 fsuid=0 egid=0 sgid=0 fsgid=0 tty=(none) ses=4294967295 comm="systemd-nsresou" exe="/usr/lib/systemd/systemd-nsresourced" key=(null)
Apr 02 16:02:23 lumina-os audit: PROCTITLE proctitle="/usr/lib/systemd/systemd-nsresourced"
Apr 02 16:02:23 lumina-os audit[1]: SERVICE_START pid=1 uid=0 auid=4294967295 ses=4294967295 msg='unit=systemd-nsresourced comm="systemd" exe="/usr/lib/systemd/systemd" hostname=? addr=? terminal=? res=success'
Apr 02 16:02:23 lumina-os systemd[1]: Finished Create Static Device Nodes in /dev gracefully.
Apr 02 16:02:23 lumina-os audit[1]: SERVICE_START pid=1 uid=0 auid=4294967295 ses=4294967295 msg='unit=systemd-tmpfiles-setup-dev-early comm="systemd" exe="/usr/lib/systemd/systemd" hostname=? addr=? terminal=? res=success'
Apr 02 16:02:23 lumina-os systemd[1]: Starting Create System Users...
Apr 02 16:02:23 lumina-os systemd[1]: Finished Create System Users.
Apr 02 16:02:23 lumina-os audit[1]: SERVICE_START pid=1 uid=0 auid=4294967295 ses=4294967295 msg='unit=systemd-sysusers comm="systemd" exe="/usr/lib/systemd/systemd" hostname=? addr=? terminal=? res=success'
Apr 02 16:02:23 lumina-os systemd[1]: Starting Journal Log Access Socket...
Apr 02 16:02:23 lumina-os audit: BPF prog-id=42 op=LOAD
Apr 02 16:02:23 lumina-os systemd[1]: Starting Network Name Resolution...
Apr 02 16:02:23 lumina-os audit: BPF prog-id=43 op=LOAD
Apr 02 16:02:23 lumina-os systemd[1]: Starting Network Time Synchronization...
Apr 02 16:02:23 lumina-os systemd[1]: Starting Create Static Device Nodes in /dev...
Apr 02 16:02:23 lumina-os systemd[1]: Listening on Journal Log Access Socket.
Apr 02 16:02:23 lumina-os systemd[1]: Finished Create Static Device Nodes in /dev.
Apr 02 16:02:23 lumina-os audit[1]: SERVICE_START pid=1 uid=0 auid=4294967295 ses=4294967295 msg='unit=systemd-tmpfiles-setup-dev comm="systemd" exe="/usr/lib/systemd/systemd" hostname=? addr=? terminal=? res=success'
Apr 02 16:02:23 lumina-os systemd[1]: Reached target Preparation for Local File Systems.
Apr 02 16:02:23 lumina-os systemd[1]: Repartition Root Disk skipped, no trigger condition checks were met.
Apr 02 16:02:23 lumina-os audit: BPF prog-id=44 op=LOAD
Apr 02 16:02:23 lumina-os audit: BPF prog-id=45 op=LOAD
Apr 02 16:02:23 lumina-os systemd[1]: Starting Rule-based Manager for Device Events and Files...
Apr 02 16:02:23 lumina-os systemd[1]: Started Network Time Synchronization.
Apr 02 16:02:23 lumina-os audit[1]: SERVICE_START pid=1 uid=0 auid=4294967295 ses=4294967295 msg='unit=systemd-timesyncd comm="systemd" exe="/usr/lib/systemd/systemd" hostname=? addr=? terminal=? res=success'
Apr 02 16:02:23 lumina-os systemd[1]: Reached target System Time Set.
Apr 02 16:02:23 lumina-os systemd-resolved[391]: Positive Trust Anchors:
Apr 02 16:02:23 lumina-os systemd-resolved[391]: . IN DS 20326 8 2 e06d44b80b8f1d39a95c0b0d7c65d08458e880409bbc683457104237c7f8ec8d
Apr 02 16:02:23 lumina-os systemd-resolved[391]: . IN DS 38696 8 2 683d2d0acb8c9b712a1948b27f741219298d0a450d612c483af444a4c0fb2b16
Apr 02 16:02:23 lumina-os systemd-resolved[391]: Negative trust anchors: home.arpa 10.in-addr.arpa 16.172.in-addr.arpa 17.172.in-addr.arpa 18.172.in-addr.arpa 19.172.in-addr.arpa 20.172.in-addr.arpa 21.172.in-addr.arpa 22.172.in-addr.arpa 23.172.in-addr.arpa 24.172.in-addr.arpa 25.172.in-addr.arpa 26.172.in-addr.arpa 27.172.in-addr.arpa 28.172.in-addr.arpa 29.172.in-addr.arpa 30.172.in-addr.arpa 31.172.in-addr.arpa 170.0.0.192.in-addr.arpa 171.0.0.192.in-addr.arpa 168.192.in-addr.arpa d.f.ip6.arpa ipv4only.arpa resolver.arpa corp home internal intranet lan local private test
Apr 02 16:02:23 lumina-os systemd-udevd[398]: Using default interface naming scheme 'v260'.
Apr 02 16:02:23 lumina-os systemd-resolved[391]: Using system hostname 'lumina-os'.
Apr 02 16:02:23 lumina-os systemd[1]: Started Rule-based Manager for Device Events and Files.
Apr 02 16:02:23 lumina-os audit[1]: SERVICE_START pid=1 uid=0 auid=4294967295 ses=4294967295 msg='unit=systemd-udevd comm="systemd" exe="/usr/lib/systemd/systemd" hostname=? addr=? terminal=? res=success'
Apr 02 16:02:23 lumina-os audit: BPF prog-id=46 op=LOAD
Apr 02 16:02:23 lumina-os systemd[1]: Starting Network Management...
Apr 02 16:02:23 lumina-os audit[1]: SERVICE_START pid=1 uid=0 auid=4294967295 ses=4294967295 msg='unit=systemd-resolved comm="systemd" exe="/usr/lib/systemd/systemd" hostname=? addr=? terminal=? res=success'
Apr 02 16:02:23 lumina-os systemd[1]: Started Network Name Resolution.
Apr 02 16:02:23 lumina-os systemd[1]: Reached target Host and Network Name Lookups.
Apr 02 16:02:23 lumina-os systemd[1]: Virtual Machine and Container Storage (Compatibility) skipped, unmet condition check ConditionPathExists=/var/lib/machines.raw
Apr 02 16:02:23 lumina-os systemd[1]: Reached target Local File Systems.
Apr 02 16:02:23 lumina-os systemd[1]: Reached target Virtual Machines and Containers.
Apr 02 16:02:23 lumina-os systemd[1]: Listening on Boot Loader Control Service Socket.
Apr 02 16:02:23 lumina-os systemd[1]: Listening on Disk Image Download Service Socket.
Apr 02 16:02:23 lumina-os systemd[1]: Listening on System Extension Image Management.
Apr 02 16:02:23 lumina-os systemd[1]: Set Up Additional Binary Formats skipped, no trigger condition checks were met.
Apr 02 16:02:23 lumina-os systemd[1]: Update Boot Loader Random Seed skipped, no trigger condition checks were met.
Apr 02 16:02:23 lumina-os systemd[1]: Starting Automatic Boot Loader Update...
Apr 02 16:02:23 lumina-os systemd[1]: Merge System Configuration Images into /etc/ skipped, no trigger condition checks were met.
Apr 02 16:02:23 lumina-os systemd[1]: Merge System Extension Images into /usr/ and /opt/ skipped, no trigger condition checks were met.
Apr 02 16:02:23 lumina-os systemd[1]: Starting Create System Files and Directories...
Apr 02 16:02:23 lumina-os systemd[1]: Starting Load JSON user/group Records from Credentials...
Apr 02 16:02:23 lumina-os bootctl[414]: Couldn't find EFI system partition, skipping.
Apr 02 16:02:23 lumina-os systemd[1]: Finished Automatic Boot Loader Update.
Apr 02 16:02:23 lumina-os audit[1]: SERVICE_START pid=1 uid=0 auid=4294967295 ses=4294967295 msg='unit=systemd-boot-update comm="systemd" exe="/usr/lib/systemd/systemd" hostname=? addr=? terminal=? res=success'
Apr 02 16:02:23 lumina-os systemd[1]: Finished Load JSON user/group Records from Credentials.
Apr 02 16:02:23 lumina-os audit[1]: SERVICE_START pid=1 uid=0 auid=4294967295 ses=4294967295 msg='unit=systemd-userdb-load-credentials comm="systemd" exe="/usr/lib/systemd/systemd" hostname=? addr=? terminal=? res=success'
Apr 02 16:02:24 lumina-os kernel: cfg80211: Loading compiled-in X.509 certificates for regulatory database
Apr 02 16:02:24 lumina-os kernel: Loaded X.509 cert 'sforshee: 00b28ddf47aef9cea7'
Apr 02 16:02:24 lumina-os kernel: Loaded X.509 cert 'wens: 61c038651aabdcf94bd0ac7ff06c7248db18c600'
Apr 02 16:02:24 lumina-os systemd[1]: Finished Create System Files and Directories.
Apr 02 16:02:24 lumina-os audit[1]: SERVICE_START pid=1 uid=0 auid=4294967295 ses=4294967295 msg='unit=systemd-tmpfiles-setup comm="systemd" exe="/usr/lib/systemd/systemd" hostname=? addr=? terminal=? res=success'
Apr 02 16:02:24 lumina-os kernel: kauditd_printk_skb: 71 callbacks suppressed
Apr 02 16:02:24 lumina-os kernel: audit: type=1130 audit(1775145744.847:49): pid=1 uid=0 auid=4294967295 ses=4294967295 msg='unit=systemd-tmpfiles-setup comm="systemd" exe="/usr/lib/systemd/systemd" hostname=? addr=? terminal=? res=success'
Apr 02 16:02:24 lumina-os systemd[1]: Starting Rebuild Dynamic Linker Cache...
Apr 02 16:02:24 lumina-os kernel: input: PC Speaker as /devices/platform/pcspkr/input/input6
Apr 02 16:02:24 lumina-os systemd-networkd[401]: lo: Link UP
Apr 02 16:02:24 lumina-os systemd-networkd[401]: lo: Gained carrier
Apr 02 16:02:24 lumina-os audit: BPF prog-id=47 op=LOAD
Apr 02 16:02:24 lumina-os kernel: audit: type=1334 audit(1775145744.883:50): prog-id=47 op=LOAD
Apr 02 16:02:24 lumina-os audit[401]: SYSCALL arch=c000003e syscall=321 success=yes exit=25 a0=5 a1=7ffc2ce98910 a2=94 a3=7f1ceaca83cf items=0 ppid=1 pid=401 auid=4294967295 uid=977 gid=977 euid=977 suid=977 fsuid=977 egid=977 sgid=977 fsgid=977 tty=(none) ses=4294967295 comm="systemd-network" exe="/usr/lib/systemd/systemd-networkd" key=(null)
Apr 02 16:02:24 lumina-os audit: PROCTITLE proctitle="/usr/lib/systemd/systemd-networkd"
Apr 02 16:02:24 lumina-os audit: BPF prog-id=47 op=UNLOAD
Apr 02 16:02:24 lumina-os audit[401]: SYSCALL arch=c000003e syscall=3 success=yes exit=0 a0=19 a1=0 a2=0 a3=0 items=0 ppid=1 pid=401 auid=4294967295 uid=977 gid=977 euid=977 suid=977 fsuid=977 egid=977 sgid=977 fsgid=977 tty=(none) ses=4294967295 comm="systemd-network" exe="/usr/lib/systemd/systemd-networkd" key=(null)
Apr 02 16:02:24 lumina-os audit: PROCTITLE proctitle="/usr/lib/systemd/systemd-networkd"
Apr 02 16:02:24 lumina-os audit: BPF prog-id=48 op=LOAD
Apr 02 16:02:24 lumina-os audit[401]: SYSCALL arch=c000003e syscall=321 success=yes exit=25 a0=5 a1=7ffc2ce98920 a2=98 a3=2 items=0 ppid=1 pid=401 auid=4294967295 uid=977 gid=977 euid=977 suid=977 fsuid=977 egid=977 sgid=977 fsgid=977 tty=(none) ses=4294967295 comm="systemd-network" exe="/usr/lib/systemd/systemd-networkd" key=(null)
Apr 02 16:02:24 lumina-os audit: PROCTITLE proctitle="/usr/lib/systemd/systemd-networkd"
Apr 02 16:02:24 lumina-os audit: BPF prog-id=48 op=UNLOAD
Apr 02 16:02:24 lumina-os audit[401]: SYSCALL arch=c000003e syscall=3 success=yes exit=0 a0=19 a1=0 a2=0 a3=0 items=0 ppid=1 pid=401 auid=4294967295 uid=977 gid=977 euid=977 suid=977 fsuid=977 egid=977 sgid=977 fsgid=977 tty=(none) ses=4294967295 comm="systemd-network" exe="/usr/lib/systemd/systemd-networkd" key=(null)
Apr 02 16:02:24 lumina-os audit: PROCTITLE proctitle="/usr/lib/systemd/systemd-networkd"
Apr 02 16:02:24 lumina-os systemd[1]: Starting Initial Setup...
Apr 02 16:02:24 lumina-os kernel: audit: type=1300 audit(1775145744.883:50): arch=c000003e syscall=321 success=yes exit=25 a0=5 a1=7ffc2ce98910 a2=94 a3=7f1ceaca83cf items=0 ppid=1 pid=401 auid=4294967295 uid=977 gid=977 euid=977 suid=977 fsuid=977 egid=977 sgid=977 fsgid=977 tty=(none) ses=4294967295 comm="systemd-network" exe="/usr/lib/systemd/systemd-networkd" key=(null)
Apr 02 16:02:24 lumina-os kernel: audit: type=1327 audit(1775145744.883:50): proctitle="/usr/lib/systemd/systemd-networkd"
Apr 02 16:02:24 lumina-os kernel: audit: type=1334 audit(1775145744.886:51): prog-id=47 op=UNLOAD
Apr 02 16:02:24 lumina-os kernel: audit: type=1300 audit(1775145744.886:51): arch=c000003e syscall=3 success=yes exit=0 a0=19 a1=0 a2=0 a3=0 items=0 ppid=1 pid=401 auid=4294967295 uid=977 gid=977 euid=977 suid=977 fsuid=977 egid=977 sgid=977 fsgid=977 tty=(none) ses=4294967295 comm="systemd-network" exe="/usr/lib/systemd/systemd-networkd" key=(null)
Apr 02 16:02:24 lumina-os kernel: audit: type=1327 audit(1775145744.886:51): proctitle="/usr/lib/systemd/systemd-networkd"
Apr 02 16:02:24 lumina-os kernel: audit: type=1334 audit(1775145744.886:52): prog-id=48 op=LOAD
Apr 02 16:02:24 lumina-os kernel: audit: type=1300 audit(1775145744.886:52): arch=c000003e syscall=321 success=yes exit=25 a0=5 a1=7ffc2ce98920 a2=98 a3=2 items=0 ppid=1 pid=401 auid=4294967295 uid=977 gid=977 euid=977 suid=977 fsuid=977 egid=977 sgid=977 fsgid=977 tty=(none) ses=4294967295 comm="systemd-network" exe="/usr/lib/systemd/systemd-networkd" key=(null)
Apr 02 16:02:24 lumina-os kernel: audit: type=1327 audit(1775145744.886:52): proctitle="/usr/lib/systemd/systemd-networkd"
Apr 02 16:02:24 lumina-os kernel: ACPI: video: Video Device [GFX0] (multi-head: yes  rom: no  post: no)
Apr 02 16:02:24 lumina-os mtp-probe[433]: checking bus 1, device 2: "/sys/devices/pci0000:00/0000:00:06.0/usb1/1-1"
Apr 02 16:02:24 lumina-os audit: BPF prog-id=49 op=LOAD
Apr 02 16:02:24 lumina-os audit[401]: SYSCALL arch=c000003e syscall=321 success=yes exit=25 a0=5 a1=7ffc2ce987a0 a2=94 a3=7f1ceacb6080 items=0 ppid=1 pid=401 auid=4294967295 uid=977 gid=977 euid=977 suid=977 fsuid=977 egid=977 sgid=977 fsgid=977 tty=(none) ses=4294967295 comm="systemd-network" exe="/usr/lib/systemd/systemd-networkd" key=(null)
Apr 02 16:02:24 lumina-os audit: PROCTITLE proctitle="/usr/lib/systemd/systemd-networkd"
Apr 02 16:02:24 lumina-os audit: BPF prog-id=49 op=UNLOAD
Apr 02 16:02:24 lumina-os audit[401]: SYSCALL arch=c000003e syscall=3 success=yes exit=0 a0=19 a1=0 a2=0 a3=0 items=0 ppid=1 pid=401 auid=4294967295 uid=977 gid=977 euid=977 suid=977 fsuid=977 egid=977 sgid=977 fsgid=977 tty=(none) ses=4294967295 comm="systemd-network" exe="/usr/lib/systemd/systemd-networkd" key=(null)
Apr 02 16:02:24 lumina-os audit: PROCTITLE proctitle="/usr/lib/systemd/systemd-networkd"
Apr 02 16:02:24 lumina-os audit: BPF prog-id=50 op=LOAD
Apr 02 16:02:24 lumina-os audit[401]: SYSCALL arch=c000003e syscall=321 success=yes exit=26 a0=5 a1=7ffc2ce98700 a2=98 a3=7f1ceacb6080 items=0 ppid=1 pid=401 auid=4294967295 uid=977 gid=977 euid=977 suid=977 fsuid=977 egid=977 sgid=977 fsgid=977 tty=(none) ses=4294967295 comm="systemd-network" exe="/usr/lib/systemd/systemd-networkd" key=(null)
Apr 02 16:02:24 lumina-os audit: PROCTITLE proctitle="/usr/lib/systemd/systemd-networkd"
Apr 02 16:02:24 lumina-os audit: BPF prog-id=50 op=UNLOAD
Apr 02 16:02:24 lumina-os audit[401]: SYSCALL arch=c000003e syscall=3 success=yes exit=0 a0=1a a1=0 a2=0 a3=0 items=0 ppid=1 pid=401 auid=4294967295 uid=977 gid=977 euid=977 suid=977 fsuid=977 egid=977 sgid=977 fsgid=977 tty=(none) ses=4294967295 comm="systemd-network" exe="/usr/lib/systemd/systemd-networkd" key=(null)
Apr 02 16:02:24 lumina-os audit: PROCTITLE proctitle="/usr/lib/systemd/systemd-networkd"
Apr 02 16:02:24 lumina-os audit: BPF prog-id=51 op=LOAD
Apr 02 16:02:24 lumina-os audit[401]: SYSCALL arch=c000003e syscall=321 success=yes exit=27 a0=5 a1=7ffc2ce987e0 a2=98 a3=5 items=0 ppid=1 pid=401 auid=4294967295 uid=977 gid=977 euid=977 suid=977 fsuid=977 egid=977 sgid=977 fsgid=977 tty=(none) ses=4294967295 comm="systemd-network" exe="/usr/lib/systemd/systemd-networkd" key=(null)
Apr 02 16:02:24 lumina-os audit: PROCTITLE proctitle="/usr/lib/systemd/systemd-networkd"
Apr 02 16:02:24 lumina-os audit: BPF prog-id=51 op=UNLOAD
Apr 02 16:02:24 lumina-os audit[401]: SYSCALL arch=c000003e syscall=3 success=yes exit=0 a0=1b a1=0 a2=0 a3=0 items=0 ppid=1 pid=401 auid=4294967295 uid=977 gid=977 euid=977 suid=977 fsuid=977 egid=977 sgid=977 fsgid=977 tty=(none) ses=4294967295 comm="systemd-network" exe="/usr/lib/systemd/systemd-networkd" key=(null)
Apr 02 16:02:24 lumina-os audit: PROCTITLE proctitle="/usr/lib/systemd/systemd-networkd"
Apr 02 16:02:24 lumina-os audit: BPF prog-id=52 op=LOAD
Apr 02 16:02:24 lumina-os audit[401]: SYSCALL arch=c000003e syscall=321 success=yes exit=26 a0=5 a1=7ffc2ce98920 a2=98 a3=7f1ceacb6080 items=0 ppid=1 pid=401 auid=4294967295 uid=977 gid=977 euid=977 suid=977 fsuid=977 egid=977 sgid=977 fsgid=977 tty=(none) ses=4294967295 comm="systemd-network" exe="/usr/lib/systemd/systemd-networkd" key=(null)
Apr 02 16:02:24 lumina-os audit: PROCTITLE proctitle="/usr/lib/systemd/systemd-networkd"
Apr 02 16:02:24 lumina-os audit: BPF prog-id=53 op=LOAD
Apr 02 16:02:24 lumina-os audit[401]: SYSCALL arch=c000003e syscall=321 success=yes exit=28 a0=5 a1=7ffc2ce987e0 a2=98 a3=2 items=0 ppid=1 pid=401 auid=4294967295 uid=977 gid=977 euid=977 suid=977 fsuid=977 egid=977 sgid=977 fsgid=977 tty=(none) ses=4294967295 comm="systemd-network" exe="/usr/lib/systemd/systemd-networkd" key=(null)
Apr 02 16:02:24 lumina-os audit: PROCTITLE proctitle="/usr/lib/systemd/systemd-networkd"
Apr 02 16:02:24 lumina-os audit: BPF prog-id=53 op=UNLOAD
Apr 02 16:02:24 lumina-os audit[401]: SYSCALL arch=c000003e syscall=3 success=yes exit=0 a0=1c a1=0 a2=0 a3=0 items=0 ppid=1 pid=401 auid=4294967295 uid=977 gid=977 euid=977 suid=977 fsuid=977 egid=977 sgid=977 fsgid=977 tty=(none) ses=4294967295 comm="systemd-network" exe="/usr/lib/systemd/systemd-networkd" key=(null)
Apr 02 16:02:24 lumina-os audit: PROCTITLE proctitle="/usr/lib/systemd/systemd-networkd"
Apr 02 16:02:24 lumina-os kernel: piix4_smbus 0000:00:07.0: SMBus Host Controller at 0x4100, revision 0
Apr 02 16:02:25 lumina-os audit[449]: AUDIT1127 pid=449 uid=0 auid=4294967295 ses=4294967295 msg=' comm="systemd-update-utmp" exe="/usr/lib/systemd/systemd-update-utmp" hostname=? addr=? terminal=? res=success'
Apr 02 16:02:25 lumina-os audit[1]: SERVICE_START pid=1 uid=0 auid=4294967295 ses=4294967295 msg='unit=systemd-networkd comm="systemd" exe="/usr/lib/systemd/systemd" hostname=? addr=? terminal=? res=success'
Apr 02 16:02:24 lumina-os mtp-probe[433]: bus: 1, device: 2 was not an MTP device
Apr 02 16:02:25 lumina-os kernel: e1000: Intel(R) PRO/1000 Network Driver
Apr 02 16:02:24 lumina-os systemd[1]: Starting Rebuild Journal Catalog...
Apr 02 16:02:25 lumina-os kernel: e1000: Copyright (c) 1999-2006 Intel Corporation.
Apr 02 16:02:24 lumina-os systemd[1]: Starting Record System Boot/Shutdown in UTMP...
Apr 02 16:02:25 lumina-os kernel: input: Video Bus as /devices/LNXSYSTM:00/LNXSYBUS:00/PNP0A03:00/LNXVIDEO:00/input/input7
Apr 02 16:02:25 lumina-os systemd-resolved[391]: Switching to fallback DNS server 9.9.9.9#dns.quad9.net.
Apr 02 16:02:25 lumina-os kernel: input: ImExPS/2 Generic Explorer Mouse as /devices/platform/i8042/serio1/input/input8
Apr 02 16:02:25 lumina-os systemd[1]: Started Network Management.
Apr 02 16:02:25 lumina-os kernel: mousedev: PS/2 mouse device common for all mice
Apr 02 16:02:25 lumina-os systemd[1]: Finished Initial Setup.
Apr 02 16:02:25 lumina-os audit[1]: SERVICE_START pid=1 uid=0 auid=4294967295 ses=4294967295 msg='unit=systemd-firstboot comm="systemd" exe="/usr/lib/systemd/systemd" hostname=? addr=? terminal=? res=success'
Apr 02 16:02:25 lumina-os systemd[1]: Reached target First Boot Complete.
Apr 02 16:02:25 lumina-os systemd[1]: Listening on Load/Save RF Kill Switch Status /dev/rfkill Watch.
Apr 02 16:02:25 lumina-os systemd[1]: Starting Save Transient machine-id to Disk...
Apr 02 16:02:25 lumina-os (udev-worker)[413]: cfg80211: Process '/usr/bin/set-wireless-regdom' failed with exit code 1.
Apr 02 16:02:25 lumina-os systemd[1]: Starting Enable Persistent Storage in systemd-networkd...
Apr 02 16:02:25 lumina-os systemd[1]: Finished Rebuild Journal Catalog.
Apr 02 16:02:25 lumina-os audit[1]: SERVICE_START pid=1 uid=0 auid=4294967295 ses=4294967295 msg='unit=systemd-journal-catalog-update comm="systemd" exe="/usr/lib/systemd/systemd" hostname=? addr=? terminal=? res=success'
Apr 02 16:02:25 lumina-os systemd[1]: Starting Virtual Console Setup...
Apr 02 16:02:25 lumina-os systemd[1]: Finished Record System Boot/Shutdown in UTMP.
Apr 02 16:02:25 lumina-os audit[1]: SERVICE_START pid=1 uid=0 auid=4294967295 ses=4294967295 msg='unit=systemd-update-utmp comm="systemd" exe="/usr/lib/systemd/systemd" hostname=? addr=? terminal=? res=success'
Apr 02 16:02:25 lumina-os systemd[1]: etc-machine\x2did.mount: Deactivated successfully.
Apr 02 16:02:25 lumina-os systemd[1]: Finished Save Transient machine-id to Disk.
Apr 02 16:02:25 lumina-os audit[1]: SERVICE_START pid=1 uid=0 auid=4294967295 ses=4294967295 msg='unit=systemd-machine-id-commit comm="systemd" exe="/usr/lib/systemd/systemd" hostname=? addr=? terminal=? res=success'
Apr 02 16:02:25 lumina-os kernel: Console: switching to colour dummy device 80x25
Apr 02 16:02:25 lumina-os systemd[1]: Finished Enable Persistent Storage in systemd-networkd.
Apr 02 16:02:25 lumina-os audit[1]: SERVICE_START pid=1 uid=0 auid=4294967295 ses=4294967295 msg='unit=systemd-networkd-persistent-storage comm="systemd" exe="/usr/lib/systemd/systemd" hostname=? addr=? terminal=? res=success'
Apr 02 16:02:25 lumina-os kernel: vboxvideo 0000:00:02.0: vgaarb: deactivate vga console
Apr 02 16:02:25 lumina-os kernel: [drm] VRAM 08000000
Apr 02 16:02:25 lumina-os kernel: [drm] Initialized vboxvideo 1.0.0 for 0000:00:02.0 on minor 0
Apr 02 16:02:25 lumina-os kernel: fbcon: vboxvideodrmfb (fb0) is primary device
Apr 02 16:02:25 lumina-os kernel: vboxvideo 0000:00:02.0: [drm] drm_plane_enable_fb_damage_clips() not called
Apr 02 16:02:25 lumina-os kernel: Console: switching to colour frame buffer device 100x37
Apr 02 16:02:25 lumina-os kernel: vboxvideo 0000:00:02.0: [drm] fb0: vboxvideodrmfb frame buffer device
Apr 02 16:02:25 lumina-os kernel: RAPL PMU: API unit is 2^-32 Joules, 0 fixed counters, 335544320 ms ovfl timer
Apr 02 16:02:25 lumina-os systemd-vconsole-setup[458]: Configuration of first virtual console was skipped, ignoring remaining ones.
Apr 02 16:02:25 lumina-os systemd[1]: Finished Virtual Console Setup.
Apr 02 16:02:25 lumina-os audit[1]: SERVICE_START pid=1 uid=0 auid=4294967295 ses=4294967295 msg='unit=systemd-vconsole-setup comm="systemd" exe="/usr/lib/systemd/systemd" hostname=? addr=? terminal=? res=success'
Apr 02 16:02:25 lumina-os kernel: intel_rapl_msr: PL4 support detected.
Apr 02 16:02:25 lumina-os kernel: snd_intel8x0 0000:00:05.0: intel8x0_measure_ac97_clock: measured 51792 usecs (2400 samples)
Apr 02 16:02:25 lumina-os kernel: snd_intel8x0 0000:00:05.0: clocking to 49720
Apr 02 16:02:25 lumina-os systemd[1]: Reached target Sound Card.
Apr 02 16:02:26 lumina-os kernel: e1000 0000:00:03.0 eth0: (PCI:33MHz:32-bit) 08:00:27:cb:88:0f
Apr 02 16:02:26 lumina-os kernel: e1000 0000:00:03.0 eth0: Intel(R) PRO/1000 Network Connection
Apr 02 16:02:26 lumina-os kernel: e1000 0000:00:03.0 enp0s3: renamed from eth0
Apr 02 16:02:26 lumina-os systemd-networkd[401]: eth0: Interface name change detected, renamed to enp0s3.
Apr 02 16:02:39 lumina-os systemd[1]: Finished Rebuild Dynamic Linker Cache.
Apr 02 16:02:39 lumina-os audit[1]: SERVICE_START pid=1 uid=0 auid=4294967295 ses=4294967295 msg='unit=ldconfig comm="systemd" exe="/usr/lib/systemd/systemd" hostname=? addr=? terminal=? res=success'
Apr 02 16:02:39 lumina-os kernel: kauditd_printk_skb: 38 callbacks suppressed
Apr 02 16:02:39 lumina-os kernel: audit: type=1130 audit(1775145759.016:71): pid=1 uid=0 auid=4294967295 ses=4294967295 msg='unit=ldconfig comm="systemd" exe="/usr/lib/systemd/systemd" hostname=? addr=? terminal=? res=success'
Apr 02 16:02:39 lumina-os systemd[1]: Starting Update is Completed...
Apr 02 16:02:39 lumina-os systemd[1]: Finished Update is Completed.
Apr 02 16:02:39 lumina-os audit[1]: SERVICE_START pid=1 uid=0 auid=4294967295 ses=4294967295 msg='unit=systemd-update-done comm="systemd" exe="/usr/lib/systemd/systemd" hostname=? addr=? terminal=? res=success'
Apr 02 16:02:39 lumina-os kernel: audit: type=1130 audit(1775145759.043:72): pid=1 uid=0 auid=4294967295 ses=4294967295 msg='unit=systemd-update-done comm="systemd" exe="/usr/lib/systemd/systemd" hostname=? addr=? terminal=? res=success'
Apr 02 16:02:39 lumina-os systemd[1]: Reached target System Initialization.
Apr 02 16:02:39 lumina-os systemd[1]: Started Refresh existing PGP keys of archlinux-keyring regularly.
Apr 02 16:02:39 lumina-os systemd[1]: Started Daily verification of password and group files.
Apr 02 16:02:39 lumina-os systemd[1]: Started Daily Cleanup of Temporary Directories.
Apr 02 16:02:39 lumina-os systemd[1]: Reached target Timer Units.
Apr 02 16:02:39 lumina-os systemd[1]: Listening on D-Bus System Message Bus Socket.
Apr 02 16:02:39 lumina-os systemd[1]: GnuPG network certificate management daemon for /etc/pacman.d/gnupg skipped, unmet condition check ConditionPathIsReadWrite=/etc/pacman.d/gnupg
Apr 02 16:02:39 lumina-os systemd[1]: GnuPG cryptographic agent and passphrase cache (access for web browsers) for /etc/pacman.d/gnupg skipped, unmet condition check ConditionPathIsReadWrite=/etc/pacman.d/gnupg
Apr 02 16:02:39 lumina-os systemd[1]: GnuPG cryptographic agent and passphrase cache (restricted) for /etc/pacman.d/gnupg skipped, unmet condition check ConditionPathIsReadWrite=/etc/pacman.d/gnupg
Apr 02 16:02:39 lumina-os systemd[1]: GnuPG cryptographic agent (ssh-agent emulation) for /etc/pacman.d/gnupg skipped, unmet condition check ConditionPathIsReadWrite=/etc/pacman.d/gnupg
Apr 02 16:02:39 lumina-os systemd[1]: GnuPG cryptographic agent and passphrase cache for /etc/pacman.d/gnupg skipped, unmet condition check ConditionPathIsReadWrite=/etc/pacman.d/gnupg
Apr 02 16:02:39 lumina-os systemd[1]: GnuPG public key management service for /etc/pacman.d/gnupg skipped, unmet condition check ConditionPathIsReadWrite=/etc/pacman.d/gnupg
Apr 02 16:02:39 lumina-os systemd[1]: Listening on Authorization Manager Agent Helper.
Apr 02 16:02:39 lumina-os systemd[1]: Listening on Hostname Service Socket.
Apr 02 16:02:39 lumina-os systemd[1]: Listening on User Login Management Varlink Socket.
Apr 02 16:02:39 lumina-os systemd[1]: Listening on Virtual Machine and Container Registration Service Socket.
Apr 02 16:02:39 lumina-os systemd[1]: Reached target Socket Units.
Apr 02 16:02:39 lumina-os audit: BPF prog-id=54 op=LOAD
Apr 02 16:02:39 lumina-os kernel: audit: type=1334 audit(1775145759.050:73): prog-id=54 op=LOAD
Apr 02 16:02:39 lumina-os systemd[1]: Starting D-Bus System Message Bus...
Apr 02 16:02:39 lumina-os systemd[1]: TPM PCR Barrier (Initialization) skipped, unmet condition check ConditionSecurity=measured-uki
Apr 02 16:02:39 lumina-os systemd[1]: Started D-Bus System Message Bus.
Apr 02 16:02:39 lumina-os audit[1]: SERVICE_START pid=1 uid=0 auid=4294967295 ses=4294967295 msg='unit=dbus-broker comm="systemd" exe="/usr/lib/systemd/systemd" hostname=? addr=? terminal=? res=success'
Apr 02 16:02:39 lumina-os systemd[1]: Reached target Basic System.
Apr 02 16:02:39 lumina-os kernel: audit: type=1130 audit(1775145759.126:74): pid=1 uid=0 auid=4294967295 ses=4294967295 msg='unit=dbus-broker comm="systemd" exe="/usr/lib/systemd/systemd" hostname=? addr=? terminal=? res=success'
Apr 02 16:02:39 lumina-os systemd[1]: Starting Network Manager...
Apr 02 16:02:39 lumina-os audit: BPF prog-id=55 op=LOAD
Apr 02 16:02:39 lumina-os dbus-broker-launch[475]: Ready
Apr 02 16:02:39 lumina-os kernel: audit: type=1334 audit(1775145759.132:75): prog-id=55 op=LOAD
Apr 02 16:02:39 lumina-os systemd[1]: Starting Home Area Manager...
Apr 02 16:02:39 lumina-os audit: BPF prog-id=56 op=LOAD
Apr 02 16:02:39 lumina-os kernel: audit: type=1334 audit(1775145759.138:76): prog-id=56 op=LOAD
Apr 02 16:02:39 lumina-os audit: BPF prog-id=57 op=LOAD
Apr 02 16:02:39 lumina-os audit: BPF prog-id=58 op=LOAD
Apr 02 16:02:39 lumina-os kernel: audit: type=1334 audit(1775145759.145:77): prog-id=57 op=LOAD
Apr 02 16:02:39 lumina-os kernel: audit: type=1334 audit(1775145759.145:78): prog-id=58 op=LOAD
Apr 02 16:02:39 lumina-os systemd[1]: Starting User Login Management...
Apr 02 16:02:39 lumina-os systemd[1]: TPM PCR Barrier (User) skipped, unmet condition check ConditionSecurity=measured-uki
Apr 02 16:02:39 lumina-os systemd[1]: Starting VirtualBox Guest Service...
Apr 02 16:02:39 lumina-os systemd[1]: Open Virtual Machine Tools (vmware-vmblock-fuse) skipped, unmet condition check ConditionVirtualization=vmware
Apr 02 16:02:39 lumina-os systemd-homed[478]: Watching /home.
Apr 02 16:02:39 lumina-os systemd[1]: Started Home Area Manager.
Apr 02 16:02:39 lumina-os audit[1]: SERVICE_START pid=1 uid=0 auid=4294967295 ses=4294967295 msg='unit=systemd-homed comm="systemd" exe="/usr/lib/systemd/systemd" hostname=? addr=? terminal=? res=success'
Apr 02 16:02:39 lumina-os kernel: audit: type=1130 audit(1775145759.236:79): pid=1 uid=0 auid=4294967295 ses=4294967295 msg='unit=systemd-homed comm="systemd" exe="/usr/lib/systemd/systemd" hostname=? addr=? terminal=? res=success'
Apr 02 16:02:39 lumina-os systemd[1]: Finished Home Area Activation.
Apr 02 16:02:39 lumina-os audit[1]: SERVICE_START pid=1 uid=0 auid=4294967295 ses=4294967295 msg='unit=systemd-homed-activate comm="systemd" exe="/usr/lib/systemd/systemd" hostname=? addr=? terminal=? res=success'
Apr 02 16:02:39 lumina-os kernel: audit: type=1130 audit(1775145759.241:80): pid=1 uid=0 auid=4294967295 ses=4294967295 msg='unit=systemd-homed-activate comm="systemd" exe="/usr/lib/systemd/systemd" hostname=? addr=? terminal=? res=success'
Apr 02 16:02:39 lumina-os systemd-logind[479]: New seat seat0.
Apr 02 16:02:39 lumina-os systemd-logind[479]: Watching system buttons on /dev/input/event0 (Power Button)
Apr 02 16:02:39 lumina-os systemd-logind[479]: Watching system buttons on /dev/input/event1 (Sleep Button)
Apr 02 16:02:39 lumina-os systemd-logind[479]: Watching system buttons on /dev/input/event2 (AT Translated Set 2 keyboard)
Apr 02 16:02:39 lumina-os systemd[1]: Started User Login Management.
Apr 02 16:02:39 lumina-os audit[1]: SERVICE_START pid=1 uid=0 auid=4294967295 ses=4294967295 msg='unit=systemd-logind comm="systemd" exe="/usr/lib/systemd/systemd" hostname=? addr=? terminal=? res=success'
Apr 02 16:02:39 lumina-os VBoxService[497]: 16:02:39.351464 main     VBoxService 7.2.6 r172322 (verbosity: 0) linux.amd64 (Mar 23 2026 21:40:55) release log
Apr 02 16:02:39 lumina-os VBoxService[497]: 16:02:39.351465 main     Log opened 2026-04-02T16:02:39.351460000Z
Apr 02 16:02:39 lumina-os kernel: 16:02:39.351464 main     VBoxService 7.2.6 r172322 (verbosity: 0) linux.amd64 (Mar 23 2026 21:40:55) release log
                                  16:02:39.35146
Apr 02 16:02:39 lumina-os kernel: 16:02:39.352922 main     OS Product: Linux
Apr 02 16:02:39 lumina-os VBoxService[497]: 16:02:39.352922 main     OS Product: Linux
Apr 02 16:02:39 lumina-os kernel: 16:02:39.353617 main     OS Release: 6.19.10-arch1-1
Apr 02 16:02:39 lumina-os kernel: 16:02:39.354422 main     OS Version: #1 SMP PREEMPT_DYNAMIC Thu, 26 Mar 2026 19:20:28 +0000
Apr 02 16:02:39 lumina-os NetworkManager[477]: <info>  [1775145759.3546] NetworkManager (version 1.56.0-1) is starting... (boot:b6296bb5-cddc-4506-9279-2f1cdd1b8541)
Apr 02 16:02:39 lumina-os VBoxService[497]: 16:02:39.353617 main     OS Release: 6.19.10-arch1-1
Apr 02 16:02:39 lumina-os VBoxService[497]: 16:02:39.354422 main     OS Version: #1 SMP PREEMPT_DYNAMIC Thu, 26 Mar 2026 19:20:28 +0000
Apr 02 16:02:39 lumina-os VBoxService[497]: 16:02:39.355750 main     Executable: /usr/bin/VBoxService
Apr 02 16:02:39 lumina-os VBoxService[497]: 16:02:39.355751 main     Process ID: 497
Apr 02 16:02:39 lumina-os VBoxService[497]: 16:02:39.355752 main     Package type: LINUX_64BITS_GENERIC (OSE)
Apr 02 16:02:39 lumina-os NetworkManager[477]: <info>  [1775145759.3546] Read config: /etc/NetworkManager/NetworkManager.conf, /usr/lib/NetworkManager/conf.d/20-connectivity.conf
Apr 02 16:02:39 lumina-os VBoxService[497]: 16:02:39.360258 main     7.2.6 r172322 started. Verbose level = 0
Apr 02 16:02:39 lumina-os kernel: 16:02:39.355750 main     Executable: /usr/bin/VBoxService
                                  16:02:39.355751 main     Process ID: 497
                                  16:02:39.355752 main     Pac
Apr 02 16:02:39 lumina-os kernel: 16:02:39.360258 main     7.2.6 r172322 started. Verbose level = 0
Apr 02 16:02:39 lumina-os systemd[1]: Started VirtualBox Guest Service.
